Archive member included to satisfy reference by file (symbol)

c:/vsarm/armcc/102021~1.10/bin/../lib/gcc/arm-none-eabi/10.3.1/../../../../arm-none-eabi/lib/thumb/v6-m/nofp\libstdc++.a(guard.o)
                              CMakeFiles/oXs.dir/src/voltage.cpp.obj (__cxa_guard_acquire)
c:/vsarm/armcc/102021~1.10/bin/../lib/gcc/arm-none-eabi/10.3.1/../../../../arm-none-eabi/lib/thumb/v6-m/nofp\libstdc++.a(guard_error.o)
                              c:/vsarm/armcc/102021~1.10/bin/../lib/gcc/arm-none-eabi/10.3.1/../../../../arm-none-eabi/lib/thumb/v6-m/nofp\libstdc++.a(guard.o) (__gnu_cxx::recursive_init_error::~recursive_init_error())
c:/vsarm/armcc/102021~1.10/bin/../lib/gcc/arm-none-eabi/10.3.1/../../../../arm-none-eabi/lib/thumb/v6-m/nofp\libstdc++.a(si_class_type_info.o)
                              c:/vsarm/armcc/102021~1.10/bin/../lib/gcc/arm-none-eabi/10.3.1/../../../../arm-none-eabi/lib/thumb/v6-m/nofp\libstdc++.a(guard_error.o) (vtable for __cxxabiv1::__si_class_type_info)
c:/vsarm/armcc/102021~1.10/bin/../lib/gcc/arm-none-eabi/10.3.1/../../../../arm-none-eabi/lib/thumb/v6-m/nofp\libstdc++.a(tinfo.o)
                              c:/vsarm/armcc/102021~1.10/bin/../lib/gcc/arm-none-eabi/10.3.1/../../../../arm-none-eabi/lib/thumb/v6-m/nofp\libstdc++.a(si_class_type_info.o) (std::type_info::__is_pointer_p() const)
c:/vsarm/armcc/102021~1.10/bin/../lib/gcc/arm-none-eabi/10.3.1/../../../../arm-none-eabi/lib/thumb/v6-m/nofp\libstdc++.a(class_type_info.o)
                              c:/vsarm/armcc/102021~1.10/bin/../lib/gcc/arm-none-eabi/10.3.1/../../../../arm-none-eabi/lib/thumb/v6-m/nofp\libstdc++.a(si_class_type_info.o) (__cxxabiv1::__class_type_info::__do_upcast(__cxxabiv1::__class_type_info const*, void**) const)
c:/vsarm/armcc/102021~1.10/bin/../lib/gcc/arm-none-eabi/10.3.1/../../../../arm-none-eabi/lib/thumb/v6-m/nofp\libstdc++.a(eh_alloc.o)
                              c:/vsarm/armcc/102021~1.10/bin/../lib/gcc/arm-none-eabi/10.3.1/../../../../arm-none-eabi/lib/thumb/v6-m/nofp\libstdc++.a(guard.o) (__cxa_allocate_exception)
c:/vsarm/armcc/102021~1.10/bin/../lib/gcc/arm-none-eabi/10.3.1/../../../../arm-none-eabi/lib/thumb/v6-m/nofp\libstdc++.a(eh_exception.o)
                              c:/vsarm/armcc/102021~1.10/bin/../lib/gcc/arm-none-eabi/10.3.1/../../../../arm-none-eabi/lib/thumb/v6-m/nofp\libstdc++.a(guard_error.o) (std::exception::~exception())
c:/vsarm/armcc/102021~1.10/bin/../lib/gcc/arm-none-eabi/10.3.1/../../../../arm-none-eabi/lib/thumb/v6-m/nofp\libstdc++.a(eh_terminate.o)
                              c:/vsarm/armcc/102021~1.10/bin/../lib/gcc/arm-none-eabi/10.3.1/../../../../arm-none-eabi/lib/thumb/v6-m/nofp\libstdc++.a(eh_alloc.o) (std::terminate())
c:/vsarm/armcc/102021~1.10/bin/../lib/gcc/arm-none-eabi/10.3.1/../../../../arm-none-eabi/lib/thumb/v6-m/nofp\libstdc++.a(eh_throw.o)
                              c:/vsarm/armcc/102021~1.10/bin/../lib/gcc/arm-none-eabi/10.3.1/../../../../arm-none-eabi/lib/thumb/v6-m/nofp\libstdc++.a(guard.o) (__cxa_throw)
c:/vsarm/armcc/102021~1.10/bin/../lib/gcc/arm-none-eabi/10.3.1/../../../../arm-none-eabi/lib/thumb/v6-m/nofp\libstdc++.a(eh_unex_handler.o)
                              c:/vsarm/armcc/102021~1.10/bin/../lib/gcc/arm-none-eabi/10.3.1/../../../../arm-none-eabi/lib/thumb/v6-m/nofp\libstdc++.a(eh_terminate.o) (__cxxabiv1::__unexpected_handler)
c:/vsarm/armcc/102021~1.10/bin/../lib/gcc/arm-none-eabi/10.3.1/../../../../arm-none-eabi/lib/thumb/v6-m/nofp\libstdc++.a(pure.o)
                              c:/vsarm/armcc/102021~1.10/bin/../lib/gcc/arm-none-eabi/10.3.1/../../../../arm-none-eabi/lib/thumb/v6-m/nofp\libstdc++.a(eh_exception.o) (__cxa_pure_virtual)
c:/vsarm/armcc/102021~1.10/bin/../lib/gcc/arm-none-eabi/10.3.1/../../../../arm-none-eabi/lib/thumb/v6-m/nofp\libstdc++.a(vterminate.o)
                              c:/vsarm/armcc/102021~1.10/bin/../lib/gcc/arm-none-eabi/10.3.1/../../../../arm-none-eabi/lib/thumb/v6-m/nofp\libstdc++.a(eh_terminate.o) (__gnu_cxx::__verbose_terminate_handler())
c:/vsarm/armcc/102021~1.10/bin/../lib/gcc/arm-none-eabi/10.3.1/../../../../arm-none-eabi/lib/thumb/v6-m/nofp\libstdc++.a(cp-demangle.o)
                              c:/vsarm/armcc/102021~1.10/bin/../lib/gcc/arm-none-eabi/10.3.1/../../../../arm-none-eabi/lib/thumb/v6-m/nofp\libstdc++.a(vterminate.o) (__cxa_demangle)
c:/vsarm/armcc/102021~1.10/bin/../lib/gcc/arm-none-eabi/10.3.1/../../../../arm-none-eabi/lib/thumb/v6-m/nofp\libstdc++.a(eh_arm.o)
                              c:/vsarm/armcc/102021~1.10/bin/../lib/gcc/arm-none-eabi/10.3.1/../../../../arm-none-eabi/lib/thumb/v6-m/nofp\libstdc++.a(eh_terminate.o) (__cxa_end_cleanup)
c:/vsarm/armcc/102021~1.10/bin/../lib/gcc/arm-none-eabi/10.3.1/../../../../arm-none-eabi/lib/thumb/v6-m/nofp\libstdc++.a(eh_call.o)
                              c:/vsarm/armcc/102021~1.10/bin/../lib/gcc/arm-none-eabi/10.3.1/../../../../arm-none-eabi/lib/thumb/v6-m/nofp\libstdc++.a(eh_terminate.o) (__cxa_call_unexpected)
[...]
Memory Configuration

Name             Origin             Length             Attributes
FLASH            0x10000000         0x00200000         xr
RAM              0x20000000         0x00040000         xrw
SCRATCH_X        0x20040000         0x00001000         xrw
SCRATCH_Y        0x20041000         0x00001000         xrw
*default*        0x00000000         0xffffffff

Linker script and memory map

LOAD c:/vsarm/armcc/102021~1.10/bin/../lib/gcc/arm-none-eabi/10.3.1/thumb/v6-m/nofp/crti.o
LOAD c:/vsarm/armcc/102021~1.10/bin/../lib/gcc/arm-none-eabi/10.3.1/thumb/v6-m/nofp/crtbegin.o
LOAD c:/vsarm/armcc/102021~1.10/bin/../lib/gcc/arm-none-eabi/10.3.1/../../../../arm-none-eabi/lib/thumb/v6-m/nofp/crt0.o

.flash_begin    0x10000000        0x0
                0x10000000                __flash_binary_start = .

.boot2          0x10000000      0x100
                0x10000000                __boot2_start__ = .
 *(.boot2)
 .boot2         0x10000000      0x100 C:\Users\Acer\AppData\Local\Temp\cceDOrNN.o
                0x10000100                __boot2_end__ = .
                0x00000001                ASSERT (((__boot2_end__ - __boot2_start__) == 0x100), ERROR: Pico second stage bootloader must be 256 bytes in size)

.text           0x10000100    0x23a20
                0x10000100                __logical_binary_start = .
 *(.vectors)
 .vectors       0x10000100       0xd4 CMakeFiles/oXs.dir/C_/Program_Files/Raspberry_Pi/Pico_SDK_v1.5.0/pico-sdk/src/rp2_common/pico_standard_link/crt0.S.obj
                0x10000100                __VECTOR_TABLE
                0x10000100                __vectors
                0x100001c0                isr_invalid
                0x100001c0                __default_isrs_start
                0x100001c2                isr_nmi
                0x100001c4                isr_hardfault
                0x100001c6                isr_svcall
                0x100001c8                isr_pendsv
                0x100001ca                isr_systick
                0x100001cc                isr_irq23
                0x100001cc                isr_irq18
                0x100001cc                isr_irq11
                0x100001cc                isr_irq28
                0x100001cc                isr_irq19
                0x100001cc                isr_irq0
                0x100001cc                isr_irq6
                0x100001cc                isr_irq5
                0x100001cc                isr_irq12
                0x100001cc                isr_irq22
                0x100001cc                isr_irq31
                0x100001cc                isr_irq17
                0x100001cc                isr_irq27
                0x100001cc                isr_irq30
                0x100001cc                isr_irq2
                0x100001cc                isr_irq10
                0x100001cc                isr_irq8
                0x100001cc                isr_irq24
                0x100001cc                isr_irq1
                0x100001cc                isr_irq7
                0x100001cc                isr_irq21
                0x100001cc                isr_irq20
                0x100001cc                isr_irq15
                0x100001cc                isr_irq25
                0x100001cc                isr_irq13
                0x100001cc                __unhandled_user_irq
                0x100001cc                isr_irq4
                0x100001cc                isr_irq16
                0x100001cc                isr_irq29
                0x100001cc                isr_irq26
                0x100001cc                __default_isrs_end
                0x100001cc                isr_irq3
                0x100001cc                isr_irq14
                0x100001cc                isr_irq9
                0x100001d2                unhandled_user_irq_num_in_r0
 *(.binary_info_header)
 .binary_info_header
                0x100001d4       0x14 CMakeFiles/oXs.dir/C_/Program_Files/Raspberry_Pi/Pico_SDK_v1.5.0/pico-sdk/src/rp2_common/pico_standard_link/crt0.S.obj
                0x100001e8                __binary_info_header_end = .
 *(.reset)
 .reset         0x100001e8       0xa0 CMakeFiles/oXs.dir/C_/Program_Files/Raspberry_Pi/Pico_SDK_v1.5.0/pico-sdk/src/rp2_common/pico_standard_link/crt0.S.obj
                0x100001e8                _entry_point
 .reset         0x10000288       0x30 CMakeFiles/oXs.dir/C_/Program_Files/Raspberry_Pi/Pico_SDK_v1.5.0/pico-sdk/src/rp2_common/pico_standard_link/binary_info.c.obj
 *(.init)
 .init          0x100002b8        0x4 c:/vsarm/armcc/102021~1.10/bin/../lib/gcc/arm-none-eabi/10.3.1/thumb/v6-m/nofp/crti.o
                0x100002b8                _init
 *(EXCLUDE_FILE(*libm.a: *libc.a:*lib_a-mem*.o *libgcc.a:) .text*)
 .text          0x100002bc       0x48 c:/vsarm/armcc/102021~1.10/bin/../lib/gcc/arm-none-eabi/10.3.1/thumb/v6-m/nofp/crtbegin.o
 .text._ZN6BMP280C2Eh
                0x10000304        0x8 CMakeFiles/oXs.dir/src/BMP280.cpp.obj
                0x10000304                BMP280::BMP280(unsigned char)
                0x10000304                BMP280::BMP280(unsigned char)
 .text._ZN6BMP2805beginEv
                0x1000030c      0x250 CMakeFiles/oXs.dir/src/BMP280.cpp.obj
                0x1000030c                BMP280::begin()
 .text._ZN6BMP28011getAltitudeEv
                0x1000055c      0x250 CMakeFiles/oXs.dir/src/BMP280.cpp.obj
                0x1000055c                BMP280::getAltitude()
 .text._ZN9EMFButton4tickEv
                0x100007ac      0x198 CMakeFiles/oXs.dir/src/EMFButton.cpp.obj
                0x100007ac                EMFButton::tick()
 .text._ZN6I2Cdev8writeBitEhhhh
                0x10000944       0xd0 CMakeFiles/oXs.dir/src/I2Cdev.cpp.obj
                0x10000944                I2Cdev::writeBit(unsigned char, unsigned char, unsigned char, unsigned char)
 .text._ZN6I2Cdev9writeBitsEhhhhh
                0x10000a14       0xd4 CMakeFiles/oXs.dir/src/I2Cdev.cpp.obj
                0x10000a14                I2Cdev::writeBits(unsigned char, unsigned char, unsigned char, unsigned char, unsigned char)
 .text._Z24kalmanFilter4d_configurefffff
                0x10000ae8       0xd4 CMakeFiles/oXs.dir/src/KalmanFilter4D.cpp.obj
                0x10000ae8                kalmanFilter4d_configure(float, float, float, float, float)
 .text._Z22kalmanFilter4d_predictf
                0x10000bbc      0x320 CMakeFiles/oXs.dir/src/KalmanFilter4D.cpp.obj
                0x10000bbc                kalmanFilter4d_predict(float)
 .text._Z21kalmanFilter4d_updateffPfS_
                0x10000edc      0x4d8 CMakeFiles/oXs.dir/src/KalmanFilter4D.cpp.obj
                0x10000edc                kalmanFilter4d_update(float, float, float*, float*)
 .text._ZN7MPU6050C2Eh
                0x100013b4        0x4 CMakeFiles/oXs.dir/src/MPU6050.cpp.obj
                0x100013b4                MPU6050::MPU6050(unsigned char)
                0x100013b4                MPU6050::MPU6050(unsigned char)
 .text._ZN7MPU605010initializeEv
                0x100013b8       0x44 CMakeFiles/oXs.dir/src/MPU6050.cpp.obj
                0x100013b8                MPU6050::initialize()
 .text._ZN7MPU605011setDLPFModeEh
                0x100013fc       0x18 CMakeFiles/oXs.dir/src/MPU6050.cpp.obj
                0x100013fc                MPU6050::setDLPFMode(unsigned char)
 .text._ZN6MS5611C2Eh
                0x10001414       0x28 CMakeFiles/oXs.dir/src/MS5611.cpp.obj
                0x10001414                MS5611::MS5611(unsigned char)
                0x10001414                MS5611::MS5611(unsigned char)
 .text._ZN6MS561110ms56xx_crcEPt
                0x1000143c       0xc4 CMakeFiles/oXs.dir/src/MS5611.cpp.obj
                0x1000143c                MS5611::ms56xx_crc(unsigned short*)
 .text._ZN6MS56115beginEv
                0x10001500      0x154 CMakeFiles/oXs.dir/src/MS5611.cpp.obj
                0x10001500                MS5611::begin()
 .text._ZN6MS56117readADCEv
                0x10001654       0xc8 CMakeFiles/oXs.dir/src/MS5611.cpp.obj
                0x10001654                MS5611::readADC()
 .text._ZN6MS561117calculateAltitudeEv
                0x1000171c      0x124 CMakeFiles/oXs.dir/src/MS5611.cpp.obj
                0x1000171c                MS5611::calculateAltitude()
 .text._ZN6MS561111getAltitudeEv
                0x10001840      0x174 CMakeFiles/oXs.dir/src/MS5611.cpp.obj
                0x10001840                MS5611::getAltitude()
 .text._ZN5SPL06C2Eh
                0x100019b4        0xc CMakeFiles/oXs.dir/src/SPL06.cpp.obj
                0x100019b4                SPL06::SPL06(unsigned char)
                0x100019b4                SPL06::SPL06(unsigned char)
 .text._ZN5SPL065beginEv
                0x100019c0      0x2ec CMakeFiles/oXs.dir/src/SPL06.cpp.obj
                0x100019c0                SPL06::begin()
 .text._ZN5SPL0611getPressureEv
                0x10001cac       0xd0 CMakeFiles/oXs.dir/src/SPL06.cpp.obj
                0x10001cac                SPL06::getPressure()
 .text._ZN5SPL0614getTemperatureEv
                0x10001d7c       0xd4 CMakeFiles/oXs.dir/src/SPL06.cpp.obj
                0x10001d7c                SPL06::getTemperature()
 .text._ZN5SPL0617calculateAltitudeEv
                0x10001e50      0x194 CMakeFiles/oXs.dir/src/SPL06.cpp.obj
                0x10001e50                SPL06::calculateAltitude()
 .text._ZN5SPL0611getAltitudeEv
                0x10001fe4      0x170 CMakeFiles/oXs.dir/src/SPL06.cpp.obj
                0x10001fe4                SPL06::getAltitude()
 .text._ZN7ADS1115C2Ehh
                0x10002154        0xc CMakeFiles/oXs.dir/src/ads1115.cpp.obj
                0x10002154                ADS1115::ADS1115(unsigned char, unsigned char)
                0x10002154                ADS1115::ADS1115(unsigned char, unsigned char)
 .text._ZN7ADS111519ads_requestNextConvEv
                0x10002160       0xc0 CMakeFiles/oXs.dir/src/ads1115.cpp.obj
                0x10002160                ADS1115::ads_requestNextConv()
 .text._ZN7ADS11155beginEv
                0x10002220       0x64 CMakeFiles/oXs.dir/src/ads1115.cpp.obj
                0x10002220                ADS1115::begin()
 .text._ZN7ADS111510readSensorEv
                0x10002284      0x270 CMakeFiles/oXs.dir/src/ads1115.cpp.obj
                0x10002284                ADS1115::readSensor()
 .text._ZN12GENERIC_CRC8C2Eh
                0x100024f4       0x84 CMakeFiles/oXs.dir/src/crc.cpp.obj
                0x100024f4                GENERIC_CRC8::GENERIC_CRC8(unsigned char)
                0x100024f4                GENERIC_CRC8::GENERIC_CRC8(unsigned char)
 .text._ZN12GENERIC_CRC84calcEh
                0x10002578        0x4 CMakeFiles/oXs.dir/src/crc.cpp.obj
                0x10002578                GENERIC_CRC8::calc(unsigned char)
 .text._ZN12GENERIC_CRC84calcEPKhhh
                0x1000257c       0x20 CMakeFiles/oXs.dir/src/crc.cpp.obj
                0x1000257c                GENERIC_CRC8::calc(unsigned char const*, unsigned char, unsigned char)
 .text._Z15on_crsf_uart_rxv
                0x1000259c       0x5c CMakeFiles/oXs.dir/src/crsf_in.cpp.obj
                0x1000259c                on_crsf_uart_rx()
 .text._Z16on_crsf2_uart_rxv
                0x100025f8       0x5c CMakeFiles/oXs.dir/src/crsf_in.cpp.obj
                0x100025f8                on_crsf2_uart_rx()
 .text._Z11setupCrsfInv
                0x10002654       0xc4 CMakeFiles/oXs.dir/src/crsf_in.cpp.obj
                0x10002654                setupCrsfIn()
 .text._Z12setupCrsf2Inv
                0x10002718       0xc4 CMakeFiles/oXs.dir/src/crsf_in.cpp.obj
                0x10002718                setupCrsf2In()
 .text._Z12handleCrsfInv
                0x100027dc      0x130 CMakeFiles/oXs.dir/src/crsf_in.cpp.obj
                0x100027dc                handleCrsfIn()
 .text._Z13handleCrsf2Inv
                0x1000290c      0x130 CMakeFiles/oXs.dir/src/crsf_in.cpp.obj
                0x1000290c                handleCrsf2In()
 .text.startup._GLOBAL__sub_I_crsfRxQueue
                0x10002a3c       0x10 CMakeFiles/oXs.dir/src/crsf_in.cpp.obj
 .text._Z12setupCrsfOutv
                0x10002a4c      0x158 CMakeFiles/oXs.dir/src/crsf_out.cpp.obj
                0x10002a4c                setupCrsfOut()
 .text._Z16fillFrameBatteryh
                0x10002ba4      0x148 CMakeFiles/oXs.dir/src/crsf_out.cpp.obj
                0x10002ba4                fillFrameBattery(unsigned char)
 .text._Z14fillFrameVarioh
                0x10002cec       0xb8 CMakeFiles/oXs.dir/src/crsf_out.cpp.obj
                0x10002cec                fillFrameVario(unsigned char)
 .text._Z21fillFrameBaroAltitudeh
                0x10002da4       0xcc CMakeFiles/oXs.dir/src/crsf_out.cpp.obj
                0x10002da4                fillFrameBaroAltitude(unsigned char)
 .text._Z17fillFrameAttitudeh
                0x10002e70       0xd0 CMakeFiles/oXs.dir/src/crsf_out.cpp.obj
                0x10002e70                fillFrameAttitude(unsigned char)
 .text._Z12fillFrameGpsh
                0x10002f40      0x12c CMakeFiles/oXs.dir/src/crsf_out.cpp.obj
                0x10002f40                fillFrameGps(unsigned char)
 .text._Z13fillCRSFFramev
                0x1000306c      0x32c CMakeFiles/oXs.dir/src/crsf_out.cpp.obj
                0x1000306c                fillCRSFFrame()
 .text._Z18printAttitudeFramev
                0x10003398       0x80 CMakeFiles/oXs.dir/src/crsf_out.cpp.obj
                0x10003398                printAttitudeFrame()
 .text._Z13printGpsFramev
                0x10003418       0xa8 CMakeFiles/oXs.dir/src/crsf_out.cpp.obj
                0x10003418                printGpsFrame()
 .text._Z17printBatteryFramev
                0x100034c0       0x6c CMakeFiles/oXs.dir/src/crsf_out.cpp.obj
                0x100034c0                printBatteryFrame()
 .text.startup._GLOBAL__sub_I_crsfFrameNextMillis
                0x1000352c       0x10 CMakeFiles/oXs.dir/src/crsf_out.cpp.obj
 .text._Z19fbusPioRxHandlerIrqv
                0x1000353c       0xa0 CMakeFiles/oXs.dir/src/fbus.cpp.obj
                0x1000353c                fbusPioRxHandlerIrq()
 .text._Z9setupFbusv
                0x100035dc      0x240 CMakeFiles/oXs.dir/src/fbus.cpp.obj
                0x100035dc                setupFbus()
 .text._Z20fbusDecodeRcChannelsv
                0x1000381c       0x74 CMakeFiles/oXs.dir/src/fbus.cpp.obj
                0x1000381c                fbusDecodeRcChannels()
 .text._Z11sendOneFbush
                0x10003890      0x218 CMakeFiles/oXs.dir/src/fbus.cpp.obj
                0x10003890                sendOneFbus(unsigned char)
 .text._Z17sendNextFbusFramev
                0x10003aa8       0xd4 CMakeFiles/oXs.dir/src/fbus.cpp.obj
                0x10003aa8                sendNextFbusFrame()
 .text._Z14handleFbusRxTxv
                0x10003b7c      0x278 CMakeFiles/oXs.dir/src/fbus.cpp.obj
                0x10003b7c                handleFbusRxTx()
 .text._Z18gpsPioRxHandlerIrqv
                0x10003df4       0x68 CMakeFiles/oXs.dir/src/gps.cpp.obj
                0x10003df4                gpsPioRxHandlerIrq()
 .text._ZN3GPSC2Ev
                0x10003e5c       0x24 CMakeFiles/oXs.dir/src/gps.cpp.obj
                0x10003e5c                GPS::GPS()
                0x10003e5c                GPS::GPS()
 .text._ZN3GPS9gpsInitRxEv
                0x10003e80      0x18c CMakeFiles/oXs.dir/src/gps.cpp.obj
                0x10003e80                GPS::gpsInitRx()
 .text._ZN3GPS8setupGpsEv
                0x1000400c      0x118 CMakeFiles/oXs.dir/src/gps.cpp.obj
                0x1000400c                GPS::setupGps()
 .text._ZN3GPS13parseGpsUbloxEv
                0x10004124      0x2bc CMakeFiles/oXs.dir/src/gps.cpp.obj
                0x10004124                GPS::parseGpsUblox()
 .text._ZN3GPS12readGpsUbloxEv
                0x100043e0      0x200 CMakeFiles/oXs.dir/src/gps.cpp.obj
                0x100043e0                GPS::readGpsUblox()
 .text._ZN3GPS14handleGpsUbloxEv
                0x100045e0      0x378 CMakeFiles/oXs.dir/src/gps.cpp.obj
                0x100045e0                GPS::handleGpsUblox()
 .text._ZN3GPS13parseGpsCasicEv
                0x10004958      0x2c8 CMakeFiles/oXs.dir/src/gps.cpp.obj
                0x10004958                GPS::parseGpsCasic()
 .text._ZN3GPS12readGpsCasicEv
                0x10004c20       0xfc CMakeFiles/oXs.dir/src/gps.cpp.obj
                0x10004c20                GPS::readGpsCasic()
 .text._ZN3GPS7readGpsEv
                0x10004d1c       0x34 CMakeFiles/oXs.dir/src/gps.cpp.obj
                0x10004d1c                GPS::readGps()
 .text._ZN10QuaternionC2Ev
                0x10004d50       0x10 CMakeFiles/oXs.dir/src/helper_3dmath.cpp.obj
                0x10004d50                Quaternion::Quaternion()
                0x10004d50                Quaternion::Quaternion()
 .text._ZN11VectorInt16C2Ev
                0x10004d60        0xc CMakeFiles/oXs.dir/src/helper_3dmath.cpp.obj
                0x10004d60                VectorInt16::VectorInt16()
                0x10004d60                VectorInt16::VectorInt16()
 .text._ZN11VectorFloatC2Ev
                0x10004d6c        0xc CMakeFiles/oXs.dir/src/helper_3dmath.cpp.obj
                0x10004d6c                VectorFloat::VectorFloat()
                0x10004d6c                VectorFloat::VectorFloat()
 .text._Z19hottPioRxHandlerIrqv
                0x10004d78       0x64 CMakeFiles/oXs.dir/src/hott.cpp.obj
                0x10004d78                hottPioRxHandlerIrq()
 .text._Z16fillHottGpsFramev.part.0
                0x10004ddc      0x23c CMakeFiles/oXs.dir/src/hott.cpp.obj
 .text._Z9setupHottv
                0x10005018      0x234 CMakeFiles/oXs.dir/src/hott.cpp.obj
                0x10005018                setupHott()
 .text._Z16fillHottGamFramev
                0x1000524c      0x234 CMakeFiles/oXs.dir/src/hott.cpp.obj
                0x1000524c                fillHottGamFrame()
 .text._Z13sendHottFrameh
                0x10005480       0xb4 CMakeFiles/oXs.dir/src/hott.cpp.obj
                0x10005480                sendHottFrame(unsigned char)
 .text._Z14handleHottRxTxv
                0x10005534      0x18c CMakeFiles/oXs.dir/src/hott.cpp.obj
                0x10005534                handleHottRxTx()
 .text._Z19ibusPioRxHandlerIrqv
                0x100056c0       0x90 CMakeFiles/oXs.dir/src/ibus.cpp.obj
                0x100056c0                ibusPioRxHandlerIrq()
 .text._Z26setupListIbusFieldsToReplyv
                0x10005750      0x2c0 CMakeFiles/oXs.dir/src/ibus.cpp.obj
                0x10005750                setupListIbusFieldsToReply()
 .text._Z9setupIbusv
                0x10005a10      0x22c CMakeFiles/oXs.dir/src/ibus.cpp.obj
                0x10005a10                setupIbus()
 .text._Z15formatIbusValueh
                0x10005c3c       0x5c CMakeFiles/oXs.dir/src/ibus.cpp.obj
                0x10005c3c                formatIbusValue(unsigned char)
 .text._Z14handleIbusRxTxv
                0x10005c98      0x374 CMakeFiles/oXs.dir/src/ibus.cpp.obj
                0x10005c98                handleIbusRxTx()
 .text._Z20initListOfJetiFieldsv
                0x1000600c       0xb0 CMakeFiles/oXs.dir/src/jeti.cpp.obj
                0x1000600c                initListOfJetiFields()
 .text._Z9setupJetiv
                0x100060bc      0x148 CMakeFiles/oXs.dir/src/jeti.cpp.obj
                0x100060bc                setupJeti()
 .text._Z24retrieveFieldIfAvailablehPlPh
                0x10006204      0x21c CMakeFiles/oXs.dir/src/jeti.cpp.obj
                0x10006204                retrieveFieldIfAvailable(unsigned char, long*, unsigned char*)
 .text._Z20addFieldToJetiBufferlh
                0x10006420      0x110 CMakeFiles/oXs.dir/src/jeti.cpp.obj
                0x10006420                addFieldToJetiBuffer(long, unsigned char)
 .text._Z17startJetiTransmitv
                0x10006530      0x150 CMakeFiles/oXs.dir/src/jeti.cpp.obj
                0x10006530                startJetiTransmit()
 .text._Z22fillJetiBufferWithTextv
                0x10006680      0x2e8 CMakeFiles/oXs.dir/src/jeti.cpp.obj
                0x10006680                fillJetiBufferWithText()
 .text._Z12handleJetiTxv
                0x10006968      0x3d8 CMakeFiles/oXs.dir/src/jeti.cpp.obj
                0x10006968                handleJetiTx()
 .text._Z12setupSensorsv
                0x10006d40       0xe0 CMakeFiles/oXs.dir/src/main.cpp.obj
                0x10006d40                setupSensors()
 .text._Z10getSensorsv
                0x10006e20       0xdc CMakeFiles/oXs.dir/src/main.cpp.obj
                0x10006e20                getSensors()
 .text._Z10core1_mainv
                0x10006efc       0x68 CMakeFiles/oXs.dir/src/main.cpp.obj
                0x10006efc                core1_main()
 .text._Z16handleBootButtonv
                0x10006f64      0x108 CMakeFiles/oXs.dir/src/main.cpp.obj
                0x10006f64                handleBootButton()
 .text._Z5setupv
                0x1000706c      0x1e0 CMakeFiles/oXs.dir/src/main.cpp.obj
                0x1000706c                setup()
 .text._Z19getSensorsFromCore1v
                0x1000724c      0x110 CMakeFiles/oXs.dir/src/main.cpp.obj
                0x1000724c                getSensorsFromCore1()
 .text._Z4loopv
                0x1000735c      0x1b0 CMakeFiles/oXs.dir/src/main.cpp.obj
                0x1000735c                loop()
 .text.startup.main
                0x1000750c        0xc CMakeFiles/oXs.dir/src/main.cpp.obj
                0x1000750c                main
 .text.startup._GLOBAL__sub_I_voltage
                0x10007518       0x94 CMakeFiles/oXs.dir/src/main.cpp.obj
 .text._ZN3MPUC2Ei
                0x100075ac       0x48 CMakeFiles/oXs.dir/src/mpu.cpp.obj
                0x100075ac                MPU::MPU(int)
                0x100075ac                MPU::MPU(int)
 .text._ZN3MPU5beginEv
                0x100075f4       0x98 CMakeFiles/oXs.dir/src/mpu.cpp.obj
                0x100075f4                MPU::begin()
 .text._Z13Mahony_updatefffffff
                0x1000768c      0x3dc CMakeFiles/oXs.dir/src/mpu.cpp.obj
                0x1000768c                Mahony_update(float, float, float, float, float, float, float)
 .text._ZN3MPU12getAccZWorldEv
                0x10007a68      0x4cc CMakeFiles/oXs.dir/src/mpu.cpp.obj
                0x10007a68                MPU::getAccZWorld()
 .text._ZN3MPU18calibrateAccelGyroEv
                0x10007f34      0x200 CMakeFiles/oXs.dir/src/mpu.cpp.obj
                0x10007f34                MPU::calibrateAccelGyro()
 .text._ZN3MPU18calibrationExecuteEv
                0x10008134       0x84 CMakeFiles/oXs.dir/src/mpu.cpp.obj
                0x10008134                MPU::calibrationExecute()
 .text.startup._GLOBAL__sub_I_zTrack
                0x100081b8       0x44 CMakeFiles/oXs.dir/src/mpu.cpp.obj
 .text._Z18mpxPioRxHandlerIrqv
                0x100081fc       0x98 CMakeFiles/oXs.dir/src/mpx.cpp.obj
                0x100081fc                mpxPioRxHandlerIrq()
 .text._Z8setupMpxv
                0x10008294      0x228 CMakeFiles/oXs.dir/src/mpx.cpp.obj
                0x10008294                setupMpx()
 .text._Z12sendMpxFrameh
                0x100084bc      0x1b8 CMakeFiles/oXs.dir/src/mpx.cpp.obj
                0x100084bc                sendMpxFrame(unsigned char)
 .text._Z13handleMpxRxTxv
                0x10008674      0x148 CMakeFiles/oXs.dir/src/mpx.cpp.obj
                0x10008674                handleMpxRxTx()
 .text._ZN6MS4525C2Eh
                0x100087bc       0x10 CMakeFiles/oXs.dir/src/ms4525.cpp.obj
                0x100087bc                MS4525::MS4525(unsigned char)
                0x100087bc                MS4525::MS4525(unsigned char)
 .text._ZN6MS45255beginEv
                0x100087cc       0xc0 CMakeFiles/oXs.dir/src/ms4525.cpp.obj
                0x100087cc                MS4525::begin()
 .text._ZN6MS452514getDifPressureEv
                0x1000888c      0x138 CMakeFiles/oXs.dir/src/ms4525.cpp.obj
                0x1000888c                MS4525::getDifPressure()
 .text._Z11checkConfigv
                0x100089c4      0x638 CMakeFiles/oXs.dir/src/param.cpp.obj
                0x100089c4                checkConfig()
 .text._Z11printConfigv
                0x10008ffc      0x644 CMakeFiles/oXs.dir/src/param.cpp.obj
                0x10008ffc                printConfig()
 .text._Z10saveConfigv
                0x10009640       0x5c CMakeFiles/oXs.dir/src/param.cpp.obj
                0x10009640                saveConfig()
 .text._Z24cpyChannelsAndSaveConfigv
                0x1000969c       0x78 CMakeFiles/oXs.dir/src/param.cpp.obj
                0x1000969c                cpyChannelsAndSaveConfig()
 .text._Z11setupConfigv
                0x10009714       0xc0 CMakeFiles/oXs.dir/src/param.cpp.obj
                0x10009714                setupConfig()
 .text._Z21requestMpuCalibrationv
                0x100097d4       0x84 CMakeFiles/oXs.dir/src/param.cpp.obj
                0x100097d4                requestMpuCalibration()
 .text._Z18printConfigOffsetsv
                0x10009858       0x40 CMakeFiles/oXs.dir/src/param.cpp.obj
                0x10009858                printConfigOffsets()
 .text._Z16printFieldValuesv
                0x10009898      0x2d0 CMakeFiles/oXs.dir/src/param.cpp.obj
                0x10009898                printFieldValues()
 .text._Z10processCmdv
                0x10009b68      0xce4 CMakeFiles/oXs.dir/src/param.cpp.obj
                0x10009b68                processCmd()
 .text._Z12handleUSBCmdv
                0x1000a84c       0x48 CMakeFiles/oXs.dir/src/param.cpp.obj
                0x1000a84c                handleUSBCmd()
 .text.startup._GLOBAL__sub_I_cmdBuffer
                0x1000a894       0x60 CMakeFiles/oXs.dir/src/param.cpp.obj
 .text._Z11setupRpmPiov
                0x1000a8f4      0x118 CMakeFiles/oXs.dir/src/rpm.cpp.obj
                0x1000a8f4                setupRpmPio()
 .text._Z8setupRpmv
                0x1000aa0c       0x28 CMakeFiles/oXs.dir/src/rpm.cpp.obj
                0x1000aa0c                setupRpm()
 .text._Z7readRpmv
                0x1000aa34       0xc8 CMakeFiles/oXs.dir/src/rpm.cpp.obj
                0x1000aa34                readRpm()
 .text._Z21sendNextSlot_callbacklPv
                0x1000aafc       0x88 CMakeFiles/oXs.dir/src/sbus2_tlm.cpp.obj
                0x1000aafc                sendNextSlot_callback(long, void*)
 .text._Z13setupSbus2Tlmv
                0x1000ab84       0x1c CMakeFiles/oXs.dir/src/sbus2_tlm.cpp.obj
                0x1000ab84                setupSbus2Tlm()
 .text._Z7fillGpsh
                0x1000aba0      0x310 CMakeFiles/oXs.dir/src/sbus2_tlm.cpp.obj
                0x1000aba0                fillGps(unsigned char)
 .text._Z15fill8Sbus2Slotsh
                0x1000aeb0      0x390 CMakeFiles/oXs.dir/src/sbus2_tlm.cpp.obj
                0x1000aeb0                fill8Sbus2Slots(unsigned char)
 .text._Z16on_sbus2_uart_rxv
                0x1000b240       0x5c CMakeFiles/oXs.dir/src/sbus_in.cpp.obj
                0x1000b240                on_sbus2_uart_rx()
 .text._Z15on_sbus_uart_rxv
                0x1000b29c       0x7c CMakeFiles/oXs.dir/src/sbus_in.cpp.obj
                0x1000b29c                on_sbus_uart_rx()
 .text._Z11setupSbusInv
                0x1000b318      0x10c CMakeFiles/oXs.dir/src/sbus_in.cpp.obj
                0x1000b318                setupSbusIn()
 .text._Z12setupSbus2Inv
                0x1000b424      0x10c CMakeFiles/oXs.dir/src/sbus_in.cpp.obj
                0x1000b424                setupSbus2In()
 .text._Z14storeSbusFramev
                0x1000b530       0xd4 CMakeFiles/oXs.dir/src/sbus_in.cpp.obj
                0x1000b530                storeSbusFrame()
 .text._Z12handleSbusInv
                0x1000b604      0x140 CMakeFiles/oXs.dir/src/sbus_in.cpp.obj
                0x1000b604                handleSbusIn()
 .text._Z15storeSbus2Framev
                0x1000b744       0xe8 CMakeFiles/oXs.dir/src/sbus_in.cpp.obj
                0x1000b744                storeSbus2Frame()
 .text._Z13handleSbus2Inv
                0x1000b82c      0x114 CMakeFiles/oXs.dir/src/sbus_in.cpp.obj
                0x1000b82c                handleSbus2In()
 .text._Z15setupSbusOutPiov
                0x1000b940      0x160 CMakeFiles/oXs.dir/src/sbus_out_pwm.cpp.obj
                0x1000b940                setupSbusOutPio()
 .text._Z11setLedStatev
                0x1000baa0       0xd0 CMakeFiles/oXs.dir/src/sbus_out_pwm.cpp.obj
                0x1000baa0                setLedState()
 .text._Z13fillSbusFramev
                0x1000bb70      0x104 CMakeFiles/oXs.dir/src/sbus_out_pwm.cpp.obj
                0x1000bb70                fillSbusFrame()
 .text._Z8setupPwmv
                0x1000bc74      0x13c CMakeFiles/oXs.dir/src/sbus_out_pwm.cpp.obj
                0x1000bc74                setupPwm()
 .text._Z9updatePWMv
                0x1000bdb0      0x228 CMakeFiles/oXs.dir/src/sbus_out_pwm.cpp.obj
                0x1000bdb0                updatePWM()
 .text._ZN5SDP3XC2Eh
                0x1000bfd8        0xc CMakeFiles/oXs.dir/src/sdp3x.cpp.obj
                0x1000bfd8                SDP3X::SDP3X(unsigned char)
                0x1000bfd8                SDP3X::SDP3X(unsigned char)
 .text._ZN5SDP3X5beginEv
                0x1000bfe4      0x144 CMakeFiles/oXs.dir/src/sdp3x.cpp.obj
                0x1000bfe4                SDP3X::begin()
 .text._ZN5SDP3X14getDifPressureEv
                0x1000c128       0xbc CMakeFiles/oXs.dir/src/sdp3x.cpp.obj
                0x1000c128                SDP3X::getDifPressure()
 .text._Z20sportPioRxHandlerIrqv
                0x1000c1e4       0x64 CMakeFiles/oXs.dir/src/sport.cpp.obj
                0x1000c1e4                sportPioRxHandlerIrq()
 .text._Z14setupSportListv
                0x1000c248      0x158 CMakeFiles/oXs.dir/src/sport.cpp.obj
                0x1000c248                setupSportList()
 .text._Z10setupSportv
                0x1000c3a0      0x240 CMakeFiles/oXs.dir/src/sport.cpp.obj
                0x1000c3a0                setupSport()
 .text._Z12sendOneSporth
                0x1000c5e0      0x424 CMakeFiles/oXs.dir/src/sport.cpp.obj
                0x1000c5e0                sendOneSport(unsigned char)
 .text._Z18sendNextSportFramev
                0x1000ca04       0xd4 CMakeFiles/oXs.dir/src/sport.cpp.obj
                0x1000ca04                sendNextSportFrame()
 .text._Z15handleSportRxTxv
                0x1000cad8      0x118 CMakeFiles/oXs.dir/src/sport.cpp.obj
                0x1000cad8                handleSportRxTx()
 .text._Z23srxl2AlarmUart_callbackj
                0x1000cbf0       0x20 CMakeFiles/oXs.dir/src/srxl2.cpp.obj
                0x1000cbf0                srxl2AlarmUart_callback(unsigned int)
 .text._Z20srxl2PioRxHandlerIrqv
                0x1000cc10       0xa0 CMakeFiles/oXs.dir/src/srxl2.cpp.obj
                0x1000cc10                srxl2PioRxHandlerIrq()
 .text._Z14srxl2SendFrameh.constprop.0
                0x1000ccb0       0xc8 CMakeFiles/oXs.dir/src/srxl2.cpp.obj
 .text._Z10setupSrxl2v
                0x1000cd78      0x238 CMakeFiles/oXs.dir/src/srxl2.cpp.obj
                0x1000cd78                setupSrxl2()
 .text._Z17srxl2FrameIsvalidv
                0x1000cfb0       0xd8 CMakeFiles/oXs.dir/src/srxl2.cpp.obj
                0x1000cfb0                srxl2FrameIsvalid()
 .text._Z18srxl2SendHandshakev
                0x1000d088       0x4c CMakeFiles/oXs.dir/src/srxl2.cpp.obj
                0x1000d088                srxl2SendHandshake()
 .text._Z21srxl2DecodeRcChannelsh
                0x1000d0d4      0x158 CMakeFiles/oXs.dir/src/srxl2.cpp.obj
                0x1000d0d4                srxl2DecodeRcChannels(unsigned char)
 .text._Z25srxl2IsFrameDataAvailableh
                0x1000d22c      0x2dc CMakeFiles/oXs.dir/src/srxl2.cpp.obj
                0x1000d22c                srxl2IsFrameDataAvailable(unsigned char)
 .text._Z17srxl2FillTXBufferh
                0x1000d508       0xb8 CMakeFiles/oXs.dir/src/srxl2.cpp.obj
                0x1000d508                srxl2FillTXBuffer(unsigned char)
 .text._Z23srxl2FillTelemetryFramev
                0x1000d5c0       0x8c CMakeFiles/oXs.dir/src/srxl2.cpp.obj
                0x1000d5c0                srxl2FillTelemetryFrame()
 .text._Z25srxl2ProcessIncomingFramev
                0x1000d64c      0x43c CMakeFiles/oXs.dir/src/srxl2.cpp.obj
                0x1000d64c                srxl2ProcessIncomingFrame()
 .text._Z15handleSrxl2RxTxv
                0x1000da88      0x33c CMakeFiles/oXs.dir/src/srxl2.cpp.obj
                0x1000da88                handleSrxl2RxTx()
 .text._Z9int_roundlm
                0x1000ddc4       0x1c CMakeFiles/oXs.dir/src/tools.cpp.obj
                0x1000ddc4                int_round(long, unsigned long)
 .text._Z8millisRpv
                0x1000dde0       0x20 CMakeFiles/oXs.dir/src/tools.cpp.obj
                0x1000dde0                millisRp()
 .text._Z8microsRpv
                0x1000de00        0x8 CMakeFiles/oXs.dir/src/tools.cpp.obj
                0x1000de00                microsRp()
 .text._Z6waitUsm
                0x1000de08       0x1c CMakeFiles/oXs.dir/src/tools.cpp.obj
                0x1000de08                waitUs(unsigned long)
 .text._Z10sent2Core0hl
                0x1000de24       0x1c CMakeFiles/oXs.dir/src/tools.cpp.obj
                0x1000de24                sent2Core0(unsigned char, long)
 .text._Z17calculateAirspeedv
                0x1000de40      0x158 CMakeFiles/oXs.dir/src/tools.cpp.obj
                0x1000de40                calculateAirspeed()
 .text._Z10fillFieldsh
                0x1000df98       0x50 CMakeFiles/oXs.dir/src/tools.cpp.obj
                0x1000df98                fillFields(unsigned char)
 .text._Z10swapBinaryt
                0x1000dfe8        0x8 CMakeFiles/oXs.dir/src/tools.cpp.obj
                0x1000dfe8                swapBinary(unsigned short)
 .text._Z10swapBinarys
                0x1000dff0        0xc CMakeFiles/oXs.dir/src/tools.cpp.obj
                0x1000dff0                swapBinary(short)
 .text._Z10swapBinaryl
                0x1000dffc       0x20 CMakeFiles/oXs.dir/src/tools.cpp.obj
                0x1000dffc                swapBinary(long)
 .text._ZN5VARIOC2Ev
                0x1000e01c       0x28 CMakeFiles/oXs.dir/src/vario.cpp.obj
                0x1000e01c                VARIO::VARIO()
                0x1000e01c                VARIO::VARIO()
 .text._ZN5VARIO18calculateAltVspeedEfl
                0x1000e044      0x2f0 CMakeFiles/oXs.dir/src/vario.cpp.obj
                0x1000e044                VARIO::calculateAltVspeed(float, long)
 .text._ZN5VARIO18calculateVspeedDteEv
                0x1000e334      0x2dc CMakeFiles/oXs.dir/src/vario.cpp.obj
                0x1000e334                VARIO::calculateVspeedDte()
 .text._ZN7VOLTAGEC2Ev
                0x1000e610       0x2c CMakeFiles/oXs.dir/src/voltage.cpp.obj
                0x1000e610                VOLTAGE::VOLTAGE()
                0x1000e610                VOLTAGE::VOLTAGE()
 .text._ZN7VOLTAGE5beginEv
                0x1000e63c      0x18c CMakeFiles/oXs.dir/src/voltage.cpp.obj
                0x1000e63c                VOLTAGE::begin()
 .text._ZN7VOLTAGE11getVoltagesEv
                0x1000e7c8      0x20c CMakeFiles/oXs.dir/src/voltage.cpp.obj
                0x1000e7c8                VOLTAGE::getVoltages()
 .text._Z8setupLedv
                0x1000e9d4       0xe8 CMakeFiles/oXs.dir/src/ws2812.cpp.obj
                0x1000e9d4                setupLed()
 .text._Z13setRgbColorOnhhh
                0x1000eabc       0x54 CMakeFiles/oXs.dir/src/ws2812.cpp.obj
                0x1000eabc                setRgbColorOn(unsigned char, unsigned char, unsigned char)
 .text._Z8setRgbOnv
                0x1000eb10       0x54 CMakeFiles/oXs.dir/src/ws2812.cpp.obj
                0x1000eb10                setRgbOn()
 .text._Z9toggleRgbv
                0x1000eb64       0x78 CMakeFiles/oXs.dir/src/ws2812.cpp.obj
                0x1000eb64                toggleRgb()
 .text.gpio_set_function
                0x1000ebdc       0x30 CMakeFiles/oXs.dir/C_/Program_Files/Raspberry_Pi/Pico_SDK_v1.5.0/pico-sdk/src/rp2_common/hardware_gpio/gpio.c.obj
                0x1000ebdc                gpio_set_function
 .text.gpio_set_pulls
                0x1000ec0c       0x30 CMakeFiles/oXs.dir/C_/Program_Files/Raspberry_Pi/Pico_SDK_v1.5.0/pico-sdk/src/rp2_common/hardware_gpio/gpio.c.obj
                0x1000ec0c                gpio_set_pulls
 .text.gpio_set_inover
                0x1000ec3c       0x24 CMakeFiles/oXs.dir/C_/Program_Files/Raspberry_Pi/Pico_SDK_v1.5.0/pico-sdk/src/rp2_common/hardware_gpio/gpio.c.obj
                0x1000ec3c                gpio_set_inover
 .text.gpio_set_outover
                0x1000ec60       0x24 CMakeFiles/oXs.dir/C_/Program_Files/Raspberry_Pi/Pico_SDK_v1.5.0/pico-sdk/src/rp2_common/hardware_gpio/gpio.c.obj
                0x1000ec60                gpio_set_outover
 .text.gpio_set_input_enabled
                0x1000ec84       0x28 CMakeFiles/oXs.dir/C_/Program_Files/Raspberry_Pi/Pico_SDK_v1.5.0/pico-sdk/src/rp2_common/hardware_gpio/gpio.c.obj
                0x1000ec84                gpio_set_input_enabled
 .text.running_on_fpga
                0x1000ecac       0x10 CMakeFiles/oXs.dir/C_/Program_Files/Raspberry_Pi/Pico_SDK_v1.5.0/pico-sdk/src/rp2_common/pico_platform/platform.c.obj
                0x1000ecac                running_on_fpga
 .text.hw_claim_lock
                0x1000ecbc       0x18 CMakeFiles/oXs.dir/C_/Program_Files/Raspberry_Pi/Pico_SDK_v1.5.0/pico-sdk/src/rp2_common/hardware_claim/claim.c.obj
                0x1000ecbc                hw_claim_lock
 .text.hw_claim_unlock
                0x1000ecd4       0x14 CMakeFiles/oXs.dir/C_/Program_Files/Raspberry_Pi/Pico_SDK_v1.5.0/pico-sdk/src/rp2_common/hardware_claim/claim.c.obj
                0x1000ecd4                hw_claim_unlock
 .text.hw_claim_or_assert
                0x1000ece8       0x44 CMakeFiles/oXs.dir/C_/Program_Files/Raspberry_Pi/Pico_SDK_v1.5.0/pico-sdk/src/rp2_common/hardware_claim/claim.c.obj
                0x1000ece8                hw_claim_or_assert
 .text.hw_claim_unused_from_range
                0x1000ed2c       0x9c CMakeFiles/oXs.dir/C_/Program_Files/Raspberry_Pi/Pico_SDK_v1.5.0/pico-sdk/src/rp2_common/hardware_claim/claim.c.obj
                0x1000ed2c                hw_claim_unused_from_range
 .text.spin_locks_reset
                0x1000edc8       0x1c CMakeFiles/oXs.dir/C_/Program_Files/Raspberry_Pi/Pico_SDK_v1.5.0/pico-sdk/src/rp2_common/hardware_sync/sync.c.obj
                0x1000edc8                spin_locks_reset
 .text.next_striped_spin_lock_num
                0x1000ede4       0x18 CMakeFiles/oXs.dir/C_/Program_Files/Raspberry_Pi/Pico_SDK_v1.5.0/pico-sdk/src/rp2_common/hardware_sync/sync.c.obj
                0x1000ede4                next_striped_spin_lock_num
 .text.spin_lock_claim_unused
                0x1000edfc       0x20 CMakeFiles/oXs.dir/C_/Program_Files/Raspberry_Pi/Pico_SDK_v1.5.0/pico-sdk/src/rp2_common/hardware_sync/sync.c.obj
                0x1000edfc                spin_lock_claim_unused
 .text.irq_set_enabled
                0x1000ee1c       0x24 CMakeFiles/oXs.dir/C_/Program_Files/Raspberry_Pi/Pico_SDK_v1.5.0/pico-sdk/src/rp2_common/hardware_irq/irq.c.obj
                0x1000ee1c                irq_set_enabled
 .text.irq_is_enabled
                0x1000ee40       0x18 CMakeFiles/oXs.dir/C_/Program_Files/Raspberry_Pi/Pico_SDK_v1.5.0/pico-sdk/src/rp2_common/hardware_irq/irq.c.obj
                0x1000ee40                irq_is_enabled
 .text.irq_set_pending
                0x1000ee58       0x10 CMakeFiles/oXs.dir/C_/Program_Files/Raspberry_Pi/Pico_SDK_v1.5.0/pico-sdk/src/rp2_common/hardware_irq/irq.c.obj
                0x1000ee58                irq_set_pending
 .text.irq_has_shared_handler
                0x1000ee68       0x2c CMakeFiles/oXs.dir/C_/Program_Files/Raspberry_Pi/Pico_SDK_v1.5.0/pico-sdk/src/rp2_common/hardware_irq/irq.c.obj
                0x1000ee68                irq_has_shared_handler
 .text.irq_get_vtable_handler
                0x1000ee94       0x10 CMakeFiles/oXs.dir/C_/Program_Files/Raspberry_Pi/Pico_SDK_v1.5.0/pico-sdk/src/rp2_common/hardware_irq/irq.c.obj
                0x1000ee94                irq_get_vtable_handler
 .text.irq_set_exclusive_handler
                0x1000eea4       0x54 CMakeFiles/oXs.dir/C_/Program_Files/Raspberry_Pi/Pico_SDK_v1.5.0/pico-sdk/src/rp2_common/hardware_irq/irq.c.obj
                0x1000eea4                irq_set_exclusive_handler
 .text.irq_add_shared_handler
                0x1000eef8      0x1e8 CMakeFiles/oXs.dir/C_/Program_Files/Raspberry_Pi/Pico_SDK_v1.5.0/pico-sdk/src/rp2_common/hardware_irq/irq.c.obj
                0x1000eef8                irq_add_shared_handler
 .text.irq_remove_handler
                0x1000f0e0      0x1b0 CMakeFiles/oXs.dir/C_/Program_Files/Raspberry_Pi/Pico_SDK_v1.5.0/pico-sdk/src/rp2_common/hardware_irq/irq.c.obj
                0x1000f0e0                irq_remove_handler
 .text.irq_add_tail_to_free_list
                0x1000f290       0xb4 CMakeFiles/oXs.dir/C_/Program_Files/Raspberry_Pi/Pico_SDK_v1.5.0/pico-sdk/src/rp2_common/hardware_irq/irq.c.obj
                0x1000f290                irq_add_tail_to_free_list
 .text.irq_init_priorities
                0x1000f344       0x24 CMakeFiles/oXs.dir/C_/Program_Files/Raspberry_Pi/Pico_SDK_v1.5.0/pico-sdk/src/rp2_common/hardware_irq/irq.c.obj
                0x1000f344                irq_init_priorities
 .text.user_irq_claim_unused
                0x1000f368       0x28 CMakeFiles/oXs.dir/C_/Program_Files/Raspberry_Pi/Pico_SDK_v1.5.0/pico-sdk/src/rp2_common/hardware_irq/irq.c.obj
                0x1000f368                user_irq_claim_unused
 .text.lock_init
                0x1000f390       0x10 CMakeFiles/oXs.dir/C_/Program_Files/Raspberry_Pi/Pico_SDK_v1.5.0/pico-sdk/src/common/pico_sync/lock_core.c.obj
                0x1000f390                lock_init
 .text.mutex_init
                0x1000f3a0       0x1c CMakeFiles/oXs.dir/C_/Program_Files/Raspberry_Pi/Pico_SDK_v1.5.0/pico-sdk/src/common/pico_sync/mutex.c.obj
                0x1000f3a0                mutex_init
 .text.recursive_mutex_init
                0x1000f3bc       0x1c CMakeFiles/oXs.dir/C_/Program_Files/Raspberry_Pi/Pico_SDK_v1.5.0/pico-sdk/src/common/pico_sync/mutex.c.obj
                0x1000f3bc                recursive_mutex_init
 .text.critical_section_init
                0x1000f3d8       0x20 CMakeFiles/oXs.dir/C_/Program_Files/Raspberry_Pi/Pico_SDK_v1.5.0/pico-sdk/src/common/pico_sync/critical_section.c.obj
                0x1000f3d8                critical_section_init
 .text.critical_section_init_with_lock_num
                0x1000f3f8       0x14 CMakeFiles/oXs.dir/C_/Program_Files/Raspberry_Pi/Pico_SDK_v1.5.0/pico-sdk/src/common/pico_sync/critical_section.c.obj
                0x1000f3f8                critical_section_init_with_lock_num
 .text.timer_pool_entry_comparator
                0x1000f40c       0x34 CMakeFiles/oXs.dir/C_/Program_Files/Raspberry_Pi/Pico_SDK_v1.5.0/pico-sdk/src/common/pico_time/time.c.obj
                0x1000f40c                timer_pool_entry_comparator
 .text.sleep_until_callback
                0x1000f440       0x30 CMakeFiles/oXs.dir/C_/Program_Files/Raspberry_Pi/Pico_SDK_v1.5.0/pico-sdk/src/common/pico_time/time.c.obj
 .text.add_alarm_under_lock.isra.0
                0x1000f470      0x100 CMakeFiles/oXs.dir/C_/Program_Files/Raspberry_Pi/Pico_SDK_v1.5.0/pico-sdk/src/common/pico_time/time.c.obj
 .text.alarm_pool_alarm_callback
                0x1000f570      0x1b8 CMakeFiles/oXs.dir/C_/Program_Files/Raspberry_Pi/Pico_SDK_v1.5.0/pico-sdk/src/common/pico_time/time.c.obj
 .text.alarm_pool_init_default
                0x1000f728       0x6c CMakeFiles/oXs.dir/C_/Program_Files/Raspberry_Pi/Pico_SDK_v1.5.0/pico-sdk/src/common/pico_time/time.c.obj
                0x1000f728                alarm_pool_init_default
 .text.alarm_pool_get_default
                0x1000f794        0x8 CMakeFiles/oXs.dir/C_/Program_Files/Raspberry_Pi/Pico_SDK_v1.5.0/pico-sdk/src/common/pico_time/time.c.obj
                0x1000f794                alarm_pool_get_default
 .text.alarm_pool_add_alarm_at
                0x1000f79c      0x17c CMakeFiles/oXs.dir/C_/Program_Files/Raspberry_Pi/Pico_SDK_v1.5.0/pico-sdk/src/common/pico_time/time.c.obj
                0x1000f79c                alarm_pool_add_alarm_at
 .text.alarm_pool_cancel_alarm
                0x1000f918       0x74 CMakeFiles/oXs.dir/C_/Program_Files/Raspberry_Pi/Pico_SDK_v1.5.0/pico-sdk/src/common/pico_time/time.c.obj
                0x1000f918                alarm_pool_cancel_alarm
 .text.alarm_pool_core_num
                0x1000f98c        0x4 CMakeFiles/oXs.dir/C_/Program_Files/Raspberry_Pi/Pico_SDK_v1.5.0/pico-sdk/src/common/pico_time/time.c.obj
                0x1000f98c                alarm_pool_core_num
 .text.sleep_until
                0x1000f990       0xc4 CMakeFiles/oXs.dir/C_/Program_Files/Raspberry_Pi/Pico_SDK_v1.5.0/pico-sdk/src/common/pico_time/time.c.obj
                0x1000f990                sleep_until
 .text.sleep_us
                0x1000fa54       0x24 CMakeFiles/oXs.dir/C_/Program_Files/Raspberry_Pi/Pico_SDK_v1.5.0/pico-sdk/src/common/pico_time/time.c.obj
                0x1000fa54                sleep_us
 .text.sleep_ms
                0x1000fa78       0x34 CMakeFiles/oXs.dir/C_/Program_Files/Raspberry_Pi/Pico_SDK_v1.5.0/pico-sdk/src/common/pico_time/time.c.obj
                0x1000fa78                sleep_ms
 .text.best_effort_wfe_or_timeout
                0x1000faac       0x78 CMakeFiles/oXs.dir/C_/Program_Files/Raspberry_Pi/Pico_SDK_v1.5.0/pico-sdk/src/common/pico_time/time.c.obj
                0x1000faac                best_effort_wfe_or_timeout
 .text.check_single_timeout_us
                0x1000fb24       0x28 CMakeFiles/oXs.dir/C_/Program_Files/Raspberry_Pi/Pico_SDK_v1.5.0/pico-sdk/src/common/pico_time/timeout_helper.c.obj
 .text.init_single_timeout_until
                0x1000fb4c        0xc CMakeFiles/oXs.dir/C_/Program_Files/Raspberry_Pi/Pico_SDK_v1.5.0/pico-sdk/src/common/pico_time/timeout_helper.c.obj
                0x1000fb4c                init_single_timeout_until
 .text.hardware_alarm_irq_handler
                0x1000fb58       0xbc CMakeFiles/oXs.dir/C_/Program_Files/Raspberry_Pi/Pico_SDK_v1.5.0/pico-sdk/src/rp2_common/hardware_timer/timer.c.obj
 .text.hardware_alarm_claim
                0x1000fc14       0x18 CMakeFiles/oXs.dir/C_/Program_Files/Raspberry_Pi/Pico_SDK_v1.5.0/pico-sdk/src/rp2_common/hardware_timer/timer.c.obj
                0x1000fc14                hardware_alarm_claim
 .text.time_us_64
                0x1000fc2c       0x14 CMakeFiles/oXs.dir/C_/Program_Files/Raspberry_Pi/Pico_SDK_v1.5.0/pico-sdk/src/rp2_common/hardware_timer/timer.c.obj
                0x1000fc2c                time_us_64
 .text.busy_wait_us
                0x1000fc40       0x54 CMakeFiles/oXs.dir/C_/Program_Files/Raspberry_Pi/Pico_SDK_v1.5.0/pico-sdk/src/rp2_common/hardware_timer/timer.c.obj
                0x1000fc40                busy_wait_us
 .text.busy_wait_until
                0x1000fc94       0x20 CMakeFiles/oXs.dir/C_/Program_Files/Raspberry_Pi/Pico_SDK_v1.5.0/pico-sdk/src/rp2_common/hardware_timer/timer.c.obj
                0x1000fc94                busy_wait_until
 .text.hardware_alarm_set_callback
                0x1000fcb4       0x8c CMakeFiles/oXs.dir/C_/Program_Files/Raspberry_Pi/Pico_SDK_v1.5.0/pico-sdk/src/rp2_common/hardware_timer/timer.c.obj
                0x1000fcb4                hardware_alarm_set_callback
 .text.hardware_alarm_set_target
                0x1000fd40       0xe0 CMakeFiles/oXs.dir/C_/Program_Files/Raspberry_Pi/Pico_SDK_v1.5.0/pico-sdk/src/rp2_common/hardware_timer/timer.c.obj
                0x1000fd40                hardware_alarm_set_target
 .text.hardware_alarm_cancel
                0x1000fe20       0x3c CMakeFiles/oXs.dir/C_/Program_Files/Raspberry_Pi/Pico_SDK_v1.5.0/pico-sdk/src/rp2_common/hardware_timer/timer.c.obj
                0x1000fe20                hardware_alarm_cancel
 .text.ph_merge_nodes
                0x1000fe5c       0x68 CMakeFiles/oXs.dir/C_/Program_Files/Raspberry_Pi/Pico_SDK_v1.5.0/pico-sdk/src/common/pico_util/pheap.c.obj
 .text.ph_post_alloc_init
                0x1000fec4       0x3c CMakeFiles/oXs.dir/C_/Program_Files/Raspberry_Pi/Pico_SDK_v1.5.0/pico-sdk/src/common/pico_util/pheap.c.obj
                0x1000fec4                ph_post_alloc_init
 .text.ph_merge_two_pass
                0x1000ff00       0x90 CMakeFiles/oXs.dir/C_/Program_Files/Raspberry_Pi/Pico_SDK_v1.5.0/pico-sdk/src/common/pico_util/pheap.c.obj
                0x1000ff00                ph_merge_two_pass
 .text.ph_remove_any_head
                0x1000ff90      0x100 CMakeFiles/oXs.dir/C_/Program_Files/Raspberry_Pi/Pico_SDK_v1.5.0/pico-sdk/src/common/pico_util/pheap.c.obj
 .text.ph_remove_head
                0x10010090      0x104 CMakeFiles/oXs.dir/C_/Program_Files/Raspberry_Pi/Pico_SDK_v1.5.0/pico-sdk/src/common/pico_util/pheap.c.obj
                0x10010090                ph_remove_head
 .text.ph_remove_and_free_node
                0x10010194       0x7c CMakeFiles/oXs.dir/C_/Program_Files/Raspberry_Pi/Pico_SDK_v1.5.0/pico-sdk/src/common/pico_util/pheap.c.obj
                0x10010194                ph_remove_and_free_node
 .text.queue_init_with_spinlock
                0x10010210       0x24 CMakeFiles/oXs.dir/C_/Program_Files/Raspberry_Pi/Pico_SDK_v1.5.0/pico-sdk/src/common/pico_util/queue.c.obj
                0x10010210                queue_init_with_spinlock
 .text.queue_try_add
                0x10010234       0x70 CMakeFiles/oXs.dir/C_/Program_Files/Raspberry_Pi/Pico_SDK_v1.5.0/pico-sdk/src/common/pico_util/queue.c.obj
                0x10010234                queue_try_add
 .text.queue_try_remove
                0x100102a4       0x70 CMakeFiles/oXs.dir/C_/Program_Files/Raspberry_Pi/Pico_SDK_v1.5.0/pico-sdk/src/common/pico_util/queue.c.obj
                0x100102a4                queue_try_remove
 .text.uart_init
                0x10010314       0xe0 CMakeFiles/oXs.dir/C_/Program_Files/Raspberry_Pi/Pico_SDK_v1.5.0/pico-sdk/src/rp2_common/hardware_uart/uart.c.obj
                0x10010314                uart_init
 .text.uart_set_baudrate
                0x100103f4       0x68 CMakeFiles/oXs.dir/C_/Program_Files/Raspberry_Pi/Pico_SDK_v1.5.0/pico-sdk/src/rp2_common/hardware_uart/uart.c.obj
                0x100103f4                uart_set_baudrate
 .text.uart_set_translate_crlf
                0x1001045c       0x28 CMakeFiles/oXs.dir/C_/Program_Files/Raspberry_Pi/Pico_SDK_v1.5.0/pico-sdk/src/rp2_common/hardware_uart/uart.c.obj
                0x1001045c                uart_set_translate_crlf
 .text.clocks_init
                0x10010484      0x2bc CMakeFiles/oXs.dir/C_/Program_Files/Raspberry_Pi/Pico_SDK_v1.5.0/pico-sdk/src/rp2_common/hardware_clocks/clocks.c.obj
                0x10010484                clocks_init
 .text.clock_get_hz
                0x10010740        0xc CMakeFiles/oXs.dir/C_/Program_Files/Raspberry_Pi/Pico_SDK_v1.5.0/pico-sdk/src/rp2_common/hardware_clocks/clocks.c.obj
                0x10010740                clock_get_hz
 .text.pll_init
                0x1001074c       0xb0 CMakeFiles/oXs.dir/C_/Program_Files/Raspberry_Pi/Pico_SDK_v1.5.0/pico-sdk/src/rp2_common/hardware_pll/pll.c.obj
                0x1001074c                pll_init
 .text.watchdog_start_tick
                0x100107fc       0x10 CMakeFiles/oXs.dir/C_/Program_Files/Raspberry_Pi/Pico_SDK_v1.5.0/pico-sdk/src/rp2_common/hardware_watchdog/watchdog.c.obj
                0x100107fc                watchdog_start_tick
 .text.watchdog_update
                0x1001080c       0x14 CMakeFiles/oXs.dir/C_/Program_Files/Raspberry_Pi/Pico_SDK_v1.5.0/pico-sdk/src/rp2_common/hardware_watchdog/watchdog.c.obj
                0x1001080c                watchdog_update
 .text.watchdog_enable
                0x10010820       0x84 CMakeFiles/oXs.dir/C_/Program_Files/Raspberry_Pi/Pico_SDK_v1.5.0/pico-sdk/src/rp2_common/hardware_watchdog/watchdog.c.obj
                0x10010820                watchdog_enable
 .text.watchdog_reboot
                0x100108a4       0x98 CMakeFiles/oXs.dir/C_/Program_Files/Raspberry_Pi/Pico_SDK_v1.5.0/pico-sdk/src/rp2_common/hardware_watchdog/watchdog.c.obj
                0x100108a4                watchdog_reboot
 .text.watchdog_caused_reboot
                0x1001093c       0x10 CMakeFiles/oXs.dir/C_/Program_Files/Raspberry_Pi/Pico_SDK_v1.5.0/pico-sdk/src/rp2_common/hardware_watchdog/watchdog.c.obj
                0x1001093c                watchdog_caused_reboot
 .text.xosc_init
                0x1001094c       0x28 CMakeFiles/oXs.dir/C_/Program_Files/Raspberry_Pi/Pico_SDK_v1.5.0/pico-sdk/src/rp2_common/hardware_xosc/xosc.c.obj
                0x1001094c                xosc_init
 .text.runtime_init
                0x10010974       0xf0 CMakeFiles/oXs.dir/C_/Program_Files/Raspberry_Pi/Pico_SDK_v1.5.0/pico-sdk/src/rp2_common/pico_runtime/runtime.c.obj
                0x10010974                runtime_init
 .text._exit    0x10010a64        0x4 CMakeFiles/oXs.dir/C_/Program_Files/Raspberry_Pi/Pico_SDK_v1.5.0/pico-sdk/src/rp2_common/pico_runtime/runtime.c.obj
                0x10010a64                _exit
 .text._sbrk    0x10010a68       0x34 CMakeFiles/oXs.dir/C_/Program_Files/Raspberry_Pi/Pico_SDK_v1.5.0/pico-sdk/src/rp2_common/pico_runtime/runtime.c.obj
                0x10010a68                _sbrk
 .text._getpid  0x10010a9c        0x4 CMakeFiles/oXs.dir/C_/Program_Files/Raspberry_Pi/Pico_SDK_v1.5.0/pico-sdk/src/rp2_common/pico_runtime/runtime.c.obj
                0x10010a9c                _getpid
 .text._kill    0x10010aa0        0x8 CMakeFiles/oXs.dir/C_/Program_Files/Raspberry_Pi/Pico_SDK_v1.5.0/pico-sdk/src/rp2_common/pico_runtime/runtime.c.obj
                0x10010aa0                _kill
 .text.exit     0x10010aa8        0x8 CMakeFiles/oXs.dir/C_/Program_Files/Raspberry_Pi/Pico_SDK_v1.5.0/pico-sdk/src/rp2_common/pico_runtime/runtime.c.obj
                0x10010aa8                exit
 .text.__assert_func
                0x10010ab0       0x34 CMakeFiles/oXs.dir/C_/Program_Files/Raspberry_Pi/Pico_SDK_v1.5.0/pico-sdk/src/rp2_common/pico_runtime/runtime.c.obj
                0x10010ab0                __assert_func
 .text.panic    0x10010ae4       0x30 CMakeFiles/oXs.dir/C_/Program_Files/Raspberry_Pi/Pico_SDK_v1.5.0/pico-sdk/src/rp2_common/pico_runtime/runtime.c.obj
                0x10010ae4                panic
 .text.hard_assertion_failure
                0x10010b14        0xc CMakeFiles/oXs.dir/C_/Program_Files/Raspberry_Pi/Pico_SDK_v1.5.0/pico-sdk/src/rp2_common/pico_runtime/runtime.c.obj
                0x10010b14                hard_assertion_failure
 .text._out_buffer
                0x10010b20        0x8 CMakeFiles/oXs.dir/C_/Program_Files/Raspberry_Pi/Pico_SDK_v1.5.0/pico-sdk/src/rp2_common/pico_printf/printf.c.obj
 .text._out_null
                0x10010b28        0x4 CMakeFiles/oXs.dir/C_/Program_Files/Raspberry_Pi/Pico_SDK_v1.5.0/pico-sdk/src/rp2_common/pico_printf/printf.c.obj
 .text._out_rev
                0x10010b2c       0x9c CMakeFiles/oXs.dir/C_/Program_Files/Raspberry_Pi/Pico_SDK_v1.5.0/pico-sdk/src/rp2_common/pico_printf/printf.c.obj
 .text._ntoa_format
                0x10010bc8      0x1cc CMakeFiles/oXs.dir/C_/Program_Files/Raspberry_Pi/Pico_SDK_v1.5.0/pico-sdk/src/rp2_common/pico_printf/printf.c.obj
 .text._out_char
                0x10010d94       0x10 CMakeFiles/oXs.dir/C_/Program_Files/Raspberry_Pi/Pico_SDK_v1.5.0/pico-sdk/src/rp2_common/pico_printf/printf.c.obj
 .text._out_fct
                0x10010da4       0x10 CMakeFiles/oXs.dir/C_/Program_Files/Raspberry_Pi/Pico_SDK_v1.5.0/pico-sdk/src/rp2_common/pico_printf/printf.c.obj
 .text._etoa    0x10010db4      0x44c CMakeFiles/oXs.dir/C_/Program_Files/Raspberry_Pi/Pico_SDK_v1.5.0/pico-sdk/src/rp2_common/pico_printf/printf.c.obj
 .text._ftoa    0x10011200      0x398 CMakeFiles/oXs.dir/C_/Program_Files/Raspberry_Pi/Pico_SDK_v1.5.0/pico-sdk/src/rp2_common/pico_printf/printf.c.obj
 .text._vsnprintf
                0x10011598      0xb04 CMakeFiles/oXs.dir/C_/Program_Files/Raspberry_Pi/Pico_SDK_v1.5.0/pico-sdk/src/rp2_common/pico_printf/printf.c.obj
 .text.__wrap_sprintf
                0x1001209c       0x28 CMakeFiles/oXs.dir/C_/Program_Files/Raspberry_Pi/Pico_SDK_v1.5.0/pico-sdk/src/rp2_common/pico_printf/printf.c.obj
                0x1001209c                __wrap_sprintf
 .text.vfctprintf
                0x100120c4       0x20 CMakeFiles/oXs.dir/C_/Program_Files/Raspberry_Pi/Pico_SDK_v1.5.0/pico-sdk/src/rp2_common/pico_printf/printf.c.obj
                0x100120c4                vfctprintf
 .text.weak_raw_printf
                0x100120e4       0x40 CMakeFiles/oXs.dir/C_/Program_Files/Raspberry_Pi/Pico_SDK_v1.5.0/pico-sdk/src/rp2_common/pico_printf/printf.c.obj
                0x100120e4                weak_raw_printf
 .text.weak_raw_vprintf
                0x10012124       0x30 CMakeFiles/oXs.dir/C_/Program_Files/Raspberry_Pi/Pico_SDK_v1.5.0/pico-sdk/src/rp2_common/pico_printf/printf.c.obj
                0x10012124                weak_raw_vprintf
 .text          0x10012154       0x10 CMakeFiles/oXs.dir/C_/Program_Files/Raspberry_Pi/Pico_SDK_v1.5.0/pico-sdk/src/rp2_common/pico_bit_ops/bit_ops_aeabi.S.obj
 .text.ctzsi    0x10012164        0xc CMakeFiles/oXs.dir/C_/Program_Files/Raspberry_Pi/Pico_SDK_v1.5.0/pico-sdk/src/rp2_common/pico_bit_ops/bit_ops_aeabi.S.obj
                0x10012164                __wrap___ctzsi2
 .text.rom_func_lookup
                0x10012170       0x10 CMakeFiles/oXs.dir/C_/Program_Files/Raspberry_Pi/Pico_SDK_v1.5.0/pico-sdk/src/rp2_common/pico_bootrom/bootrom.c.obj
                0x10012170                rom_func_lookup
 .text.rom_data_lookup
                0x10012180       0x10 CMakeFiles/oXs.dir/C_/Program_Files/Raspberry_Pi/Pico_SDK_v1.5.0/pico-sdk/src/rp2_common/pico_bootrom/bootrom.c.obj
                0x10012180                rom_data_lookup
 .text.rom_funcs_lookup
                0x10012190       0x44 CMakeFiles/oXs.dir/C_/Program_Files/Raspberry_Pi/Pico_SDK_v1.5.0/pico-sdk/src/rp2_common/pico_bootrom/bootrom.c.obj
                0x10012190                rom_funcs_lookup
 .text.__wrap___aeabi_idiv
                0x100121d4       0x50 CMakeFiles/oXs.dir/C_/Program_Files/Raspberry_Pi/Pico_SDK_v1.5.0/pico-sdk/src/rp2_common/pico_divider/divider.S.obj
                0x100121d4                __wrap___aeabi_idivmod
                0x100121d4                divmod_s32s32
                0x100121d4                div_s32s32
                0x100121d4                __wrap___aeabi_idiv
                0x100121dc                divmod_s32s32_unsafe
                0x10012208                divmod_s32s32_savestate
 .text.__wrap___aeabi_uidiv
                0x10012224       0x4c CMakeFiles/oXs.dir/C_/Program_Files/Raspberry_Pi/Pico_SDK_v1.5.0/pico-sdk/src/rp2_common/pico_divider/divider.S.obj
                0x10012224                __wrap___aeabi_uidiv
                0x10012224                __wrap___aeabi_uidivmod
                0x10012224                div_u32u32
                0x10012224                divmod_u32u32
                0x1001222c                divmod_u32u32_unsafe
                0x10012254                divmod_u32u32_savestate
 .text.__wrap___aeabi_ldiv
                0x10012270      0x424 CMakeFiles/oXs.dir/C_/Program_Files/Raspberry_Pi/Pico_SDK_v1.5.0/pico-sdk/src/rp2_common/pico_divider/divider.S.obj
                0x10012270                div_s64s64
                0x10012270                divmod_s64s64
                0x10012270                __wrap___aeabi_ldivmod
                0x100122a0                divmod_u64u64
                0x100122a0                div_u64u64
                0x100122a0                __wrap___aeabi_uldivmod
                0x100122b0                divmod_u64u64_savestate
                0x100122d0                divmod_s64s64_unsafe
                0x10012358                divmod_u64u64_unsafe
 .text.push_r8_r11
                0x10012694        0xc CMakeFiles/oXs.dir/C_/Program_Files/Raspberry_Pi/Pico_SDK_v1.5.0/pico-sdk/src/rp2_common/pico_double/double_aeabi.S.obj
                0x10012694                push_r8_r11
 .text.pop_r8_r11
                0x100126a0        0xc CMakeFiles/oXs.dir/C_/Program_Files/Raspberry_Pi/Pico_SDK_v1.5.0/pico-sdk/src/rp2_common/pico_double/double_aeabi.S.obj
                0x100126a0                pop_r8_r11
 .text.__wrap___aeabi_darithmetic
                0x100126ac       0x80 CMakeFiles/oXs.dir/C_/Program_Files/Raspberry_Pi/Pico_SDK_v1.5.0/pico-sdk/src/rp2_common/pico_double/double_aeabi.S.obj
                0x100126ac                __wrap___aeabi_drsub
                0x100126b2                __wrap___aeabi_dsub
                0x100126c4                __wrap___aeabi_dadd
                0x100126d6                __wrap___aeabi_ddiv
                0x10012712                __wrap___aeabi_dmul
 .text.__wrap___aeabi_cdcmple
                0x1001272c       0x6c CMakeFiles/oXs.dir/C_/Program_Files/Raspberry_Pi/Pico_SDK_v1.5.0/pico-sdk/src/rp2_common/pico_double/double_aeabi.S.obj
                0x1001272c                __wrap___aeabi_cdrcmple
                0x1001273c                __wrap___aeabi_cdcmpeq
                0x1001273c                __wrap___aeabi_cdcmple
 .text.__wrap___aeabi_dcmpeq
                0x10012798       0x10 CMakeFiles/oXs.dir/C_/Program_Files/Raspberry_Pi/Pico_SDK_v1.5.0/pico-sdk/src/rp2_common/pico_double/double_aeabi.S.obj
                0x10012798                __wrap___aeabi_dcmpeq
 .text.__wrap___aeabi_dcmplt
                0x100127a8        0xc CMakeFiles/oXs.dir/C_/Program_Files/Raspberry_Pi/Pico_SDK_v1.5.0/pico-sdk/src/rp2_common/pico_double/double_aeabi.S.obj
                0x100127a8                __wrap___aeabi_dcmplt
 .text.__wrap___aeabi_dcmple
                0x100127b4       0x10 CMakeFiles/oXs.dir/C_/Program_Files/Raspberry_Pi/Pico_SDK_v1.5.0/pico-sdk/src/rp2_common/pico_double/double_aeabi.S.obj
                0x100127b4                __wrap___aeabi_dcmple
 .text.__wrap___aeabi_dcmpge
                0x100127c4       0x10 CMakeFiles/oXs.dir/C_/Program_Files/Raspberry_Pi/Pico_SDK_v1.5.0/pico-sdk/src/rp2_common/pico_double/double_aeabi.S.obj
                0x100127c4                __wrap___aeabi_dcmpge
 .text.__wrap___aeabi_dcmpgt
                0x100127d4        0xa CMakeFiles/oXs.dir/C_/Program_Files/Raspberry_Pi/Pico_SDK_v1.5.0/pico-sdk/src/rp2_common/pico_double/double_aeabi.S.obj
                0x100127d4                __wrap___aeabi_dcmpgt
 .text.__wrap___aeabi_dcmpun
                0x100127de       0x1c CMakeFiles/oXs.dir/C_/Program_Files/Raspberry_Pi/Pico_SDK_v1.5.0/pico-sdk/src/rp2_common/pico_double/double_aeabi.S.obj
                0x100127de                __wrap___aeabi_dcmpun
 *fill*         0x100127fa        0x2 
 .text.__wrap___aeabi_i2d
                0x100127fc       0x38 CMakeFiles/oXs.dir/C_/Program_Files/Raspberry_Pi/Pico_SDK_v1.5.0/pico-sdk/src/rp2_common/pico_double/double_aeabi.S.obj
                0x100127fc                __wrap___aeabi_ui2d
                0x10012804                __wrap___aeabi_i2d
 .text.__wrap___aeabi_d2iz
                0x10012834       0x48 CMakeFiles/oXs.dir/C_/Program_Files/Raspberry_Pi/Pico_SDK_v1.5.0/pico-sdk/src/rp2_common/pico_double/double_aeabi.S.obj
                0x10012834                double2int_z
                0x10012834                __wrap___aeabi_d2iz
 .text.__wrap___aeabi_d2uiz
                0x1001287c       0x18 CMakeFiles/oXs.dir/C_/Program_Files/Raspberry_Pi/Pico_SDK_v1.5.0/pico-sdk/src/rp2_common/pico_double/double_aeabi.S.obj
                0x1001287c                __wrap___aeabi_d2uiz
                0x1001287c                double2uint
 .text.__wrap___aeabi_l2d
                0x10012894       0x18 CMakeFiles/oXs.dir/C_/Program_Files/Raspberry_Pi/Pico_SDK_v1.5.0/pico-sdk/src/rp2_common/pico_double/double_aeabi.S.obj
                0x10012894                __wrap___aeabi_l2d
 .text.__wrap___aeabi_d2lz
                0x100128ac       0x26 CMakeFiles/oXs.dir/C_/Program_Files/Raspberry_Pi/Pico_SDK_v1.5.0/pico-sdk/src/rp2_common/pico_double/double_aeabi.S.obj
                0x100128ac                double2int64_z
                0x100128ac                __wrap___aeabi_d2lz
 *fill*         0x100128d2        0x2 
 .text.double2int64
                0x100128d4       0x18 CMakeFiles/oXs.dir/C_/Program_Files/Raspberry_Pi/Pico_SDK_v1.5.0/pico-sdk/src/rp2_common/pico_double/double_aeabi.S.obj
                0x100128d4                double2int64
 .text.double2ufix64
                0x100128ec       0x18 CMakeFiles/oXs.dir/C_/Program_Files/Raspberry_Pi/Pico_SDK_v1.5.0/pico-sdk/src/rp2_common/pico_double/double_aeabi.S.obj
                0x100128ec                double2ufix64
 .text.__wrap___aeabi_d2f
                0x10012904       0x18 CMakeFiles/oXs.dir/C_/Program_Files/Raspberry_Pi/Pico_SDK_v1.5.0/pico-sdk/src/rp2_common/pico_double/double_aeabi.S.obj
                0x10012904                __wrap___aeabi_d2f
 .text.__wrap_srqt
                0x1001291c       0x18 CMakeFiles/oXs.dir/C_/Program_Files/Raspberry_Pi/Pico_SDK_v1.5.0/pico-sdk/src/rp2_common/pico_double/double_aeabi.S.obj
                0x1001291c                __wrap_sqrt
 .text.__wrap_atan2
                0x10012934       0x18 CMakeFiles/oXs.dir/C_/Program_Files/Raspberry_Pi/Pico_SDK_v1.5.0/pico-sdk/src/rp2_common/pico_double/double_aeabi.S.obj
                0x10012934                __wrap_atan2
 .text.__wrap_exp
                0x1001294c       0x18 CMakeFiles/oXs.dir/C_/Program_Files/Raspberry_Pi/Pico_SDK_v1.5.0/pico-sdk/src/rp2_common/pico_double/double_aeabi.S.obj
                0x1001294c                __wrap_exp
 .text.__wrap_log
                0x10012964       0x18 CMakeFiles/oXs.dir/C_/Program_Files/Raspberry_Pi/Pico_SDK_v1.5.0/pico-sdk/src/rp2_common/pico_double/double_aeabi.S.obj
                0x10012964                __wrap_log
 .text.__aeabi_double_init
                0x1001297c       0x94 CMakeFiles/oXs.dir/C_/Program_Files/Raspberry_Pi/Pico_SDK_v1.5.0/pico-sdk/src/rp2_common/pico_double/double_init_rom.c.obj
                0x1001297c                __aeabi_double_init
 .text.dpow_1   0x10012a10      0x274 CMakeFiles/oXs.dir/C_/Program_Files/Raspberry_Pi/Pico_SDK_v1.5.0/pico-sdk/src/rp2_common/pico_double/double_math.c.obj
 .text.dpow_int2
                0x10012c84       0xf8 CMakeFiles/oXs.dir/C_/Program_Files/Raspberry_Pi/Pico_SDK_v1.5.0/pico-sdk/src/rp2_common/pico_double/double_math.c.obj
 .text.dpow_0   0x10012d7c      0x1cc CMakeFiles/oXs.dir/C_/Program_Files/Raspberry_Pi/Pico_SDK_v1.5.0/pico-sdk/src/rp2_common/pico_double/double_math.c.obj
 .text.__wrap_ldexp
                0x10012f48       0x4c CMakeFiles/oXs.dir/C_/Program_Files/Raspberry_Pi/Pico_SDK_v1.5.0/pico-sdk/src/rp2_common/pico_double/double_math.c.obj
                0x10012f48                __wrap_ldexp
 .text.__wrap_round
                0x10012f94       0xa0 CMakeFiles/oXs.dir/C_/Program_Files/Raspberry_Pi/Pico_SDK_v1.5.0/pico-sdk/src/rp2_common/pico_double/double_math.c.obj
                0x10012f94                __wrap_round
 .text.__wrap_asin
                0x10013034       0x60 CMakeFiles/oXs.dir/C_/Program_Files/Raspberry_Pi/Pico_SDK_v1.5.0/pico-sdk/src/rp2_common/pico_double/double_math.c.obj
                0x10013034                __wrap_asin
 .text.__wrap_exp2
                0x10013094       0xbc CMakeFiles/oXs.dir/C_/Program_Files/Raspberry_Pi/Pico_SDK_v1.5.0/pico-sdk/src/rp2_common/pico_double/double_math.c.obj
                0x10013094                __wrap_exp2
 .text.__wrap_pow
                0x10013150      0x314 CMakeFiles/oXs.dir/C_/Program_Files/Raspberry_Pi/Pico_SDK_v1.5.0/pico-sdk/src/rp2_common/pico_double/double_math.c.obj
                0x10013150                __wrap_pow
 .text.double_table_shim_on_use_helper
                0x10013464       0x2c CMakeFiles/oXs.dir/C_/Program_Files/Raspberry_Pi/Pico_SDK_v1.5.0/pico-sdk/src/rp2_common/pico_double/double_v1_rom_shim.S.obj
                0x10013464                double_table_shim_on_use_helper
 .text.__wrap___aeabi_dsub
                0x10013490       0x10 CMakeFiles/oXs.dir/C_/Program_Files/Raspberry_Pi/Pico_SDK_v1.5.0/pico-sdk/src/rp2_common/pico_double/double_v1_rom_shim.S.obj
                0x10013490                drsub_shim
                0x10013496                dsub_shim
 .text.dadd_shim
                0x100134a0      0x15c CMakeFiles/oXs.dir/C_/Program_Files/Raspberry_Pi/Pico_SDK_v1.5.0/pico-sdk/src/rp2_common/pico_double/double_v1_rom_shim.S.obj
                0x100134a0                dadd_shim
 .text.dmul_shim
                0x100135fc      0x15c CMakeFiles/oXs.dir/C_/Program_Files/Raspberry_Pi/Pico_SDK_v1.5.0/pico-sdk/src/rp2_common/pico_double/double_v1_rom_shim.S.obj
                0x100135fc                dmul_shim
 .text.ddiv_shim
                0x10013758      0x1b0 CMakeFiles/oXs.dir/C_/Program_Files/Raspberry_Pi/Pico_SDK_v1.5.0/pico-sdk/src/rp2_common/pico_double/double_v1_rom_shim.S.obj
                0x10013758                ddiv_shim
 .text.dsqrt_shim
                0x10013908      0x1a8 CMakeFiles/oXs.dir/C_/Program_Files/Raspberry_Pi/Pico_SDK_v1.5.0/pico-sdk/src/rp2_common/pico_double/double_v1_rom_shim.S.obj
                0x10013924                dsqrt_shim
 .text.dcordic_vec_step
                0x10013ab0        0xe CMakeFiles/oXs.dir/C_/Program_Files/Raspberry_Pi/Pico_SDK_v1.5.0/pico-sdk/src/rp2_common/pico_double/double_v1_rom_shim.S.obj
                0x10013ab0                dcordic_vec_step
 .text.dcordic_rot_step
                0x10013abe       0x76 CMakeFiles/oXs.dir/C_/Program_Files/Raspberry_Pi/Pico_SDK_v1.5.0/pico-sdk/src/rp2_common/pico_double/double_v1_rom_shim.S.obj
                0x10013abe                dcordic_rot_step
 .text.double2uint_shim
                0x10013b34        0xe CMakeFiles/oXs.dir/C_/Program_Files/Raspberry_Pi/Pico_SDK_v1.5.0/pico-sdk/src/rp2_common/pico_double/double_v1_rom_shim.S.obj
                0x10013b34                double2uint_shim
                0x10013b36                double2ufix_shim
 .text.double2int64_shim
                0x10013b42       0x1a CMakeFiles/oXs.dir/C_/Program_Files/Raspberry_Pi/Pico_SDK_v1.5.0/pico-sdk/src/rp2_common/pico_double/double_v1_rom_shim.S.obj
                0x10013b42                double2int64_shim
                0x10013b44                double2fix64_shim
 .text.double2uint64_shim
                0x10013b5c       0x70 CMakeFiles/oXs.dir/C_/Program_Files/Raspberry_Pi/Pico_SDK_v1.5.0/pico-sdk/src/rp2_common/pico_double/double_v1_rom_shim.S.obj
                0x10013b5c                double2uint64_shim
                0x10013b5e                double2ufix64_shim
                0x10013b7e                d2fix_a
 .text.double2float_shim
                0x10013bcc       0x5c CMakeFiles/oXs.dir/C_/Program_Files/Raspberry_Pi/Pico_SDK_v1.5.0/pico-sdk/src/rp2_common/pico_double/double_v1_rom_shim.S.obj
                0x10013bcc                double2float_shim
 .text.x2double_shims
                0x10013c28       0x90 CMakeFiles/oXs.dir/C_/Program_Files/Raspberry_Pi/Pico_SDK_v1.5.0/pico-sdk/src/rp2_common/pico_double/double_v1_rom_shim.S.obj
                0x10013c28                uint2double_shim
                0x10013c2a                ufix2double_shim
                0x10013c30                int2double_shim
                0x10013c32                fix2double_shim
                0x10013c38                uint642double_shim
                0x10013c3a                ufix642double_shim
                0x10013c40                int642double_shim
                0x10013c42                fix642double_shim
 .text.dunpacks
                0x10013cb8       0x3c CMakeFiles/oXs.dir/C_/Program_Files/Raspberry_Pi/Pico_SDK_v1.5.0/pico-sdk/src/rp2_common/pico_double/double_v1_rom_shim.S.obj
                0x10013cb8                dunpacks
 .text.dreduce  0x10013cf4       0x82 CMakeFiles/oXs.dir/C_/Program_Files/Raspberry_Pi/Pico_SDK_v1.5.0/pico-sdk/src/rp2_common/pico_double/double_v1_rom_shim.S.obj
                0x10013cf4                dreduce
 *fill*         0x10013d76        0x2 
 .text.dtrig_guts
                0x10013d78      0x2ec CMakeFiles/oXs.dir/C_/Program_Files/Raspberry_Pi/Pico_SDK_v1.5.0/pico-sdk/src/rp2_common/pico_double/double_v1_rom_shim.S.obj
                0x10013e50                datan2_shim
 .text.dexp_guts
                0x10014064      0x268 CMakeFiles/oXs.dir/C_/Program_Files/Raspberry_Pi/Pico_SDK_v1.5.0/pico-sdk/src/rp2_common/pico_double/double_v1_rom_shim.S.obj
                0x10014064                dexp_shim
                0x10014100                dln_shim
 .text.__aeabi_lmul
                0x100142cc       0x32 CMakeFiles/oXs.dir/C_/Program_Files/Raspberry_Pi/Pico_SDK_v1.5.0/pico-sdk/src/rp2_common/pico_int64_ops/pico_int64_ops_aeabi.S.obj
                0x100142cc                __wrap___aeabi_lmul
 *fill*         0x100142fe        0x2 
 .text.__wrap___aeabi_farithmetic
                0x10014300       0x48 CMakeFiles/oXs.dir/C_/Program_Files/Raspberry_Pi/Pico_SDK_v1.5.0/pico-sdk/src/rp2_common/pico_float/float_aeabi.S.obj
                0x10014300                __wrap___aeabi_frsub
                0x10014306                __wrap___aeabi_fsub
                0x1001430c                __wrap___aeabi_fadd
                0x10014312                __wrap___aeabi_fdiv
                0x1001433a                __wrap___aeabi_fmul
 .text.__wrap___aeabi_cfcmple
                0x10014348       0x50 CMakeFiles/oXs.dir/C_/Program_Files/Raspberry_Pi/Pico_SDK_v1.5.0/pico-sdk/src/rp2_common/pico_float/float_aeabi.S.obj
                0x10014348                __wrap___aeabi_cfrcmple
                0x10014354                __wrap___aeabi_cfcmple
                0x10014354                __wrap___aeabi_cfcmpeq
 .text.__wrap___aeabi_fcmpeq
                0x10014398       0x10 CMakeFiles/oXs.dir/C_/Program_Files/Raspberry_Pi/Pico_SDK_v1.5.0/pico-sdk/src/rp2_common/pico_float/float_aeabi.S.obj
                0x10014398                __wrap___aeabi_fcmpeq
 .text.__wrap___aeabi_fcmplt
                0x100143a8        0xc CMakeFiles/oXs.dir/C_/Program_Files/Raspberry_Pi/Pico_SDK_v1.5.0/pico-sdk/src/rp2_common/pico_float/float_aeabi.S.obj
                0x100143a8                __wrap___aeabi_fcmplt
 .text.__wrap___aeabi_fcmple
                0x100143b4       0x10 CMakeFiles/oXs.dir/C_/Program_Files/Raspberry_Pi/Pico_SDK_v1.5.0/pico-sdk/src/rp2_common/pico_float/float_aeabi.S.obj
                0x100143b4                __wrap___aeabi_fcmple
 .text.__wrap___aeabi_fcmpge
                0x100143c4       0x10 CMakeFiles/oXs.dir/C_/Program_Files/Raspberry_Pi/Pico_SDK_v1.5.0/pico-sdk/src/rp2_common/pico_float/float_aeabi.S.obj
                0x100143c4                __wrap___aeabi_fcmpge
 .text.__wrap___aeabi_fcmpgt
                0x100143d4        0xa CMakeFiles/oXs.dir/C_/Program_Files/Raspberry_Pi/Pico_SDK_v1.5.0/pico-sdk/src/rp2_common/pico_float/float_aeabi.S.obj
                0x100143d4                __wrap___aeabi_fcmpgt
 .text.__wrap___aeabi_ui2f
                0x100143de        0xa CMakeFiles/oXs.dir/C_/Program_Files/Raspberry_Pi/Pico_SDK_v1.5.0/pico-sdk/src/rp2_common/pico_float/float_aeabi.S.obj
                0x100143de                __wrap___aeabi_ui2f
 .text.__wrap___aeabi_i2f
                0x100143e8       0x44 CMakeFiles/oXs.dir/C_/Program_Files/Raspberry_Pi/Pico_SDK_v1.5.0/pico-sdk/src/rp2_common/pico_float/float_aeabi.S.obj
                0x100143e8                __wrap___aeabi_i2f
 .text.__wrap___aeabi_f2iz
                0x1001442c       0x4e CMakeFiles/oXs.dir/C_/Program_Files/Raspberry_Pi/Pico_SDK_v1.5.0/pico-sdk/src/rp2_common/pico_float/float_aeabi.S.obj
                0x1001442c                float2int_z
                0x1001442c                __wrap___aeabi_f2iz
 *fill*         0x1001447a        0x2 
 .text.float2int
                0x1001447c       0x14 CMakeFiles/oXs.dir/C_/Program_Files/Raspberry_Pi/Pico_SDK_v1.5.0/pico-sdk/src/rp2_common/pico_float/float_aeabi.S.obj
                0x1001447c                float2int
 .text.__wrap___aeabi_f2uiz
                0x10014490        0xc CMakeFiles/oXs.dir/C_/Program_Files/Raspberry_Pi/Pico_SDK_v1.5.0/pico-sdk/src/rp2_common/pico_float/float_aeabi.S.obj
                0x10014490                __wrap___aeabi_f2uiz
 .text.fix2float
                0x1001449c        0xc CMakeFiles/oXs.dir/C_/Program_Files/Raspberry_Pi/Pico_SDK_v1.5.0/pico-sdk/src/rp2_common/pico_float/float_aeabi.S.obj
                0x1001449c                fix2float
 .text.__wrap___aeabi_l2f
                0x100144a8       0x20 CMakeFiles/oXs.dir/C_/Program_Files/Raspberry_Pi/Pico_SDK_v1.5.0/pico-sdk/src/rp2_common/pico_float/float_aeabi.S.obj
                0x100144ac                __wrap___aeabi_l2f
 .text.__wrap___aeabi_f2d
                0x100144c8       0x14 CMakeFiles/oXs.dir/C_/Program_Files/Raspberry_Pi/Pico_SDK_v1.5.0/pico-sdk/src/rp2_common/pico_float/float_aeabi.S.obj
                0x100144c8                __wrap___aeabi_f2d
 .text.__wrap_sqrtf
                0x100144dc       0x20 CMakeFiles/oXs.dir/C_/Program_Files/Raspberry_Pi/Pico_SDK_v1.5.0/pico-sdk/src/rp2_common/pico_float/float_aeabi.S.obj
                0x100144dc                __wrap_sqrtf
 .text.__wrap_cosf
                0x100144fc       0x24 CMakeFiles/oXs.dir/C_/Program_Files/Raspberry_Pi/Pico_SDK_v1.5.0/pico-sdk/src/rp2_common/pico_float/float_aeabi.S.obj
                0x100144fc                __wrap_cosf
 .text.__wrap_atan2f
                0x10014520       0x14 CMakeFiles/oXs.dir/C_/Program_Files/Raspberry_Pi/Pico_SDK_v1.5.0/pico-sdk/src/rp2_common/pico_float/float_aeabi.S.obj
                0x10014520                __wrap_atan2f
 .text.__aeabi_float_init
                0x10014534       0x64 CMakeFiles/oXs.dir/C_/Program_Files/Raspberry_Pi/Pico_SDK_v1.5.0/pico-sdk/src/rp2_common/pico_float/float_init_rom.c.obj
                0x10014534                __aeabi_float_init
 .text.__wrap_roundf
                0x10014598       0x3c CMakeFiles/oXs.dir/C_/Program_Files/Raspberry_Pi/Pico_SDK_v1.5.0/pico-sdk/src/rp2_common/pico_float/float_math.c.obj
                0x10014598                __wrap_roundf
 .text.__wrap_remquof
                0x100145d4      0x14c CMakeFiles/oXs.dir/C_/Program_Files/Raspberry_Pi/Pico_SDK_v1.5.0/pico-sdk/src/rp2_common/pico_float/float_math.c.obj
                0x100145d4                __wrap_remquof
 .text.__wrap_remainderf
                0x10014720        0xc CMakeFiles/oXs.dir/C_/Program_Files/Raspberry_Pi/Pico_SDK_v1.5.0/pico-sdk/src/rp2_common/pico_float/float_math.c.obj
                0x10014720                __wrap_remainderf
 .text.float_table_shim_on_use_helper
                0x1001472c       0x2c CMakeFiles/oXs.dir/C_/Program_Files/Raspberry_Pi/Pico_SDK_v1.5.0/pico-sdk/src/rp2_common/pico_float/float_v1_rom_shim.S.obj
                0x1001472c                float_table_shim_on_use_helper
 .text.642float_shims
                0x10014758       0x44 CMakeFiles/oXs.dir/C_/Program_Files/Raspberry_Pi/Pico_SDK_v1.5.0/pico-sdk/src/rp2_common/pico_float/float_v1_rom_shim.S.obj
                0x10014758                uint642float_shim
                0x1001475a                ufix642float_shim
                0x1001476a                int642float_shim
                0x1001476c                fix642float_shim
 .text.fatan2_shim
                0x1001479c       0x88 CMakeFiles/oXs.dir/C_/Program_Files/Raspberry_Pi/Pico_SDK_v1.5.0/pico-sdk/src/rp2_common/pico_float/float_v1_rom_shim.S.obj
                0x1001479c                fatan2_shim
 .text.float232_shims
                0x10014824       0x18 CMakeFiles/oXs.dir/C_/Program_Files/Raspberry_Pi/Pico_SDK_v1.5.0/pico-sdk/src/rp2_common/pico_float/float_v1_rom_shim.S.obj
                0x10014824                float2int_shim
                0x10014826                float2fix_shim
 .text.float2double_shim
                0x1001483c       0x30 CMakeFiles/oXs.dir/C_/Program_Files/Raspberry_Pi/Pico_SDK_v1.5.0/pico-sdk/src/rp2_common/pico_float/float_v1_rom_shim.S.obj
                0x1001483c                float2double_shim
 .text.__wrap_malloc
                0x1001486c       0x3c CMakeFiles/oXs.dir/C_/Program_Files/Raspberry_Pi/Pico_SDK_v1.5.0/pico-sdk/src/rp2_common/pico_malloc/pico_malloc.c.obj
                0x1001486c                __wrap_malloc
 .text.__wrap_calloc
                0x100148a8       0x40 CMakeFiles/oXs.dir/C_/Program_Files/Raspberry_Pi/Pico_SDK_v1.5.0/pico-sdk/src/rp2_common/pico_malloc/pico_malloc.c.obj
                0x100148a8                __wrap_calloc
 .text.__wrap_realloc
                0x100148e8       0x40 CMakeFiles/oXs.dir/C_/Program_Files/Raspberry_Pi/Pico_SDK_v1.5.0/pico-sdk/src/rp2_common/pico_malloc/pico_malloc.c.obj
                0x100148e8                __wrap_realloc
 .text.__wrap_free
                0x10014928       0x20 CMakeFiles/oXs.dir/C_/Program_Files/Raspberry_Pi/Pico_SDK_v1.5.0/pico-sdk/src/rp2_common/pico_malloc/pico_malloc.c.obj
                0x10014928                __wrap_free
 .text          0x10014948       0x10 CMakeFiles/oXs.dir/C_/Program_Files/Raspberry_Pi/Pico_SDK_v1.5.0/pico-sdk/src/rp2_common/pico_mem_ops/mem_ops_aeabi.S.obj
                0x10014948                __aeabi_mem_init
 .text.memset   0x10014958        0xc CMakeFiles/oXs.dir/C_/Program_Files/Raspberry_Pi/Pico_SDK_v1.5.0/pico-sdk/src/rp2_common/pico_mem_ops/mem_ops_aeabi.S.obj
                0x10014958                __wrap_memset
 .text.memcpy   0x10014964        0xc CMakeFiles/oXs.dir/C_/Program_Files/Raspberry_Pi/Pico_SDK_v1.5.0/pico-sdk/src/rp2_common/pico_mem_ops/mem_ops_aeabi.S.obj
                0x10014964                __wrap_memcpy
                0x10014964                __wrap___aeabi_memcpy
 .text._ZdlPvj  0x10014970        0x8 CMakeFiles/oXs.dir/C_/Program_Files/Raspberry_Pi/Pico_SDK_v1.5.0/pico-sdk/src/rp2_common/pico_standard_link/new_delete.cpp.obj
                0x10014970                operator delete(void*, unsigned int)
 .text.stdio_out_chars_no_crlf
                0x10014978       0x10 CMakeFiles/oXs.dir/C_/Program_Files/Raspberry_Pi/Pico_SDK_v1.5.0/pico-sdk/src/rp2_common/pico_stdio/stdio.c.obj
 .text.stdio_out_chars_crlf
                0x10014988       0xb4 CMakeFiles/oXs.dir/C_/Program_Files/Raspberry_Pi/Pico_SDK_v1.5.0/pico-sdk/src/rp2_common/pico_stdio/stdio.c.obj
 .text.stdio_buffered_printer
                0x10014a3c       0x64 CMakeFiles/oXs.dir/C_/Program_Files/Raspberry_Pi/Pico_SDK_v1.5.0/pico-sdk/src/rp2_common/pico_stdio/stdio.c.obj
 .text.stdio_put_string.isra.0
                0x10014aa0       0xfc CMakeFiles/oXs.dir/C_/Program_Files/Raspberry_Pi/Pico_SDK_v1.5.0/pico-sdk/src/rp2_common/pico_stdio/stdio.c.obj
 .text.__wrap_putchar
                0x10014b9c       0x98 CMakeFiles/oXs.dir/C_/Program_Files/Raspberry_Pi/Pico_SDK_v1.5.0/pico-sdk/src/rp2_common/pico_stdio/stdio.c.obj
                0x10014b9c                __wrap_putchar
 .text.__wrap_puts
                0x10014c34       0x3c CMakeFiles/oXs.dir/C_/Program_Files/Raspberry_Pi/Pico_SDK_v1.5.0/pico-sdk/src/rp2_common/pico_stdio/stdio.c.obj
                0x10014c34                __wrap_puts
 .text._read    0x10014c70       0x94 CMakeFiles/oXs.dir/C_/Program_Files/Raspberry_Pi/Pico_SDK_v1.5.0/pico-sdk/src/rp2_common/pico_stdio/stdio.c.obj
                0x10014c70                _read
 .text._write   0x10014d04       0xac CMakeFiles/oXs.dir/C_/Program_Files/Raspberry_Pi/Pico_SDK_v1.5.0/pico-sdk/src/rp2_common/pico_stdio/stdio.c.obj
                0x10014d04                _write
 .text._close   0x10014db0        0x8 CMakeFiles/oXs.dir/C_/Program_Files/Raspberry_Pi/Pico_SDK_v1.5.0/pico-sdk/src/rp2_common/pico_stdio/stdio.c.obj
                0x10014db0                _close
 .text._lseek   0x10014db8        0x8 CMakeFiles/oXs.dir/C_/Program_Files/Raspberry_Pi/Pico_SDK_v1.5.0/pico-sdk/src/rp2_common/pico_stdio/stdio.c.obj
                0x10014db8                _lseek
 .text._fstat   0x10014dc0        0x8 CMakeFiles/oXs.dir/C_/Program_Files/Raspberry_Pi/Pico_SDK_v1.5.0/pico-sdk/src/rp2_common/pico_stdio/stdio.c.obj
                0x10014dc0                _fstat
 .text._isatty  0x10014dc8        0xc CMakeFiles/oXs.dir/C_/Program_Files/Raspberry_Pi/Pico_SDK_v1.5.0/pico-sdk/src/rp2_common/pico_stdio/stdio.c.obj
                0x10014dc8                _isatty
 .text.stdio_set_driver_enabled
                0x10014dd4       0x30 CMakeFiles/oXs.dir/C_/Program_Files/Raspberry_Pi/Pico_SDK_v1.5.0/pico-sdk/src/rp2_common/pico_stdio/stdio.c.obj
                0x10014dd4                stdio_set_driver_enabled
 .text.__wrap_vprintf
                0x10014e04       0xd8 CMakeFiles/oXs.dir/C_/Program_Files/Raspberry_Pi/Pico_SDK_v1.5.0/pico-sdk/src/rp2_common/pico_stdio/stdio.c.obj
                0x10014e04                __wrap_vprintf
 .text.__wrap_printf
                0x10014edc       0x18 CMakeFiles/oXs.dir/C_/Program_Files/Raspberry_Pi/Pico_SDK_v1.5.0/pico-sdk/src/rp2_common/pico_stdio/stdio.c.obj
                0x10014edc                __wrap_printf
 .text.stdio_init_all
                0x10014ef4        0x8 CMakeFiles/oXs.dir/C_/Program_Files/Raspberry_Pi/Pico_SDK_v1.5.0/pico-sdk/src/rp2_common/pico_stdio/stdio.c.obj
                0x10014ef4                stdio_init_all
 .text.getchar_timeout_us
                0x10014efc       0x98 CMakeFiles/oXs.dir/C_/Program_Files/Raspberry_Pi/Pico_SDK_v1.5.0/pico-sdk/src/rp2_common/pico_stdio/stdio.c.obj
                0x10014efc                getchar_timeout_us
 .text.resetd_init
                0x10014f94        0x4 CMakeFiles/oXs.dir/C_/Program_Files/Raspberry_Pi/Pico_SDK_v1.5.0/pico-sdk/src/rp2_common/pico_stdio_usb/reset_interface.c.obj
 .text.resetd_reset
                0x10014f98        0xc CMakeFiles/oXs.dir/C_/Program_Files/Raspberry_Pi/Pico_SDK_v1.5.0/pico-sdk/src/rp2_common/pico_stdio_usb/reset_interface.c.obj
 .text.resetd_open
                0x10014fa4       0x28 CMakeFiles/oXs.dir/C_/Program_Files/Raspberry_Pi/Pico_SDK_v1.5.0/pico-sdk/src/rp2_common/pico_stdio_usb/reset_interface.c.obj
 .text.resetd_xfer_cb
                0x10014fcc        0x4 CMakeFiles/oXs.dir/C_/Program_Files/Raspberry_Pi/Pico_SDK_v1.5.0/pico-sdk/src/rp2_common/pico_stdio_usb/reset_interface.c.obj
 .text.resetd_control_xfer_cb
                0x10014fd0       0x64 CMakeFiles/oXs.dir/C_/Program_Files/Raspberry_Pi/Pico_SDK_v1.5.0/pico-sdk/src/rp2_common/pico_stdio_usb/reset_interface.c.obj
 .text.usbd_app_driver_get_cb
                0x10015034        0xc CMakeFiles/oXs.dir/C_/Program_Files/Raspberry_Pi/Pico_SDK_v1.5.0/pico-sdk/src/rp2_common/pico_stdio_usb/reset_interface.c.obj
                0x10015034                usbd_app_driver_get_cb
 .text.tud_cdc_line_coding_cb
                0x10015040       0x34 CMakeFiles/oXs.dir/C_/Program_Files/Raspberry_Pi/Pico_SDK_v1.5.0/pico-sdk/src/rp2_common/pico_stdio_usb/reset_interface.c.obj
                0x10015040                tud_cdc_line_coding_cb
 .text.stdio_usb_set_chars_available_callback
                0x10015074       0x14 CMakeFiles/oXs.dir/C_/Program_Files/Raspberry_Pi/Pico_SDK_v1.5.0/pico-sdk/src/rp2_common/pico_stdio_usb/stdio_usb.c.obj
                0x10015074                stdio_usb_set_chars_available_callback
 .text.usb_irq  0x10015088       0x10 CMakeFiles/oXs.dir/C_/Program_Files/Raspberry_Pi/Pico_SDK_v1.5.0/pico-sdk/src/rp2_common/pico_stdio_usb/stdio_usb.c.obj
 .text.timer_task
                0x10015098       0x54 CMakeFiles/oXs.dir/C_/Program_Files/Raspberry_Pi/Pico_SDK_v1.5.0/pico-sdk/src/rp2_common/pico_stdio_usb/stdio_usb.c.obj
 .text.stdio_usb_in_chars
                0x100150ec       0x90 CMakeFiles/oXs.dir/C_/Program_Files/Raspberry_Pi/Pico_SDK_v1.5.0/pico-sdk/src/rp2_common/pico_stdio_usb/stdio_usb.c.obj
                0x100150ec                stdio_usb_in_chars
 .text.stdio_usb_out_chars
                0x1001517c      0x100 CMakeFiles/oXs.dir/C_/Program_Files/Raspberry_Pi/Pico_SDK_v1.5.0/pico-sdk/src/rp2_common/pico_stdio_usb/stdio_usb.c.obj
 .text.low_priority_worker_irq
                0x1001527c       0xa8 CMakeFiles/oXs.dir/C_/Program_Files/Raspberry_Pi/Pico_SDK_v1.5.0/pico-sdk/src/rp2_common/pico_stdio_usb/stdio_usb.c.obj
 .text.tud_cdc_rx_cb
                0x10015324       0x20 CMakeFiles/oXs.dir/C_/Program_Files/Raspberry_Pi/Pico_SDK_v1.5.0/pico-sdk/src/rp2_common/pico_stdio_usb/stdio_usb.c.obj
                0x10015324                tud_cdc_rx_cb
 .text.stdio_usb_init
                0x10015344       0xdc CMakeFiles/oXs.dir/C_/Program_Files/Raspberry_Pi/Pico_SDK_v1.5.0/pico-sdk/src/rp2_common/pico_stdio_usb/stdio_usb.c.obj
                0x10015344                stdio_usb_init
 .text.tud_descriptor_device_cb
                0x10015420        0x8 CMakeFiles/oXs.dir/C_/Program_Files/Raspberry_Pi/Pico_SDK_v1.5.0/pico-sdk/src/rp2_common/pico_stdio_usb/stdio_usb_descriptors.c.obj
                0x10015420                tud_descriptor_device_cb
 .text.tud_descriptor_configuration_cb
                0x10015428        0x8 CMakeFiles/oXs.dir/C_/Program_Files/Raspberry_Pi/Pico_SDK_v1.5.0/pico-sdk/src/rp2_common/pico_stdio_usb/stdio_usb_descriptors.c.obj
                0x10015428                tud_descriptor_configuration_cb
 .text.tud_descriptor_string_cb
                0x10015430       0x74 CMakeFiles/oXs.dir/C_/Program_Files/Raspberry_Pi/Pico_SDK_v1.5.0/pico-sdk/src/rp2_common/pico_stdio_usb/stdio_usb_descriptors.c.obj
                0x10015430                tud_descriptor_string_cb
 .text.startup._retrieve_unique_id_on_boot
                0x100154a4       0x10 CMakeFiles/oXs.dir/C_/Program_Files/Raspberry_Pi/Pico_SDK_v1.5.0/pico-sdk/src/rp2_common/pico_unique_id/unique_id.c.obj
 .text.pico_get_unique_board_id_string
                0x100154b4      0x1a8 CMakeFiles/oXs.dir/C_/Program_Files/Raspberry_Pi/Pico_SDK_v1.5.0/pico-sdk/src/rp2_common/pico_unique_id/unique_id.c.obj
                0x100154b4                pico_get_unique_board_id_string
 .text.flash_get_unique_id
                0x1001565c       0x40 CMakeFiles/oXs.dir/C_/Program_Files/Raspberry_Pi/Pico_SDK_v1.5.0/pico-sdk/src/rp2_common/hardware_flash/flash.c.obj
                0x1001565c                flash_get_unique_id
 .text.dcd_int_enable
                0x1001569c        0xc CMakeFiles/oXs.dir/C_/Program_Files/Raspberry_Pi/Pico_SDK_v1.5.0/pico-sdk/lib/tinyusb/src/portable/raspberrypi/rp2040/dcd_rp2040.c.obj
                0x1001569c                dcd_int_enable
 .text.dcd_set_address
                0x100156a8       0x14 CMakeFiles/oXs.dir/C_/Program_Files/Raspberry_Pi/Pico_SDK_v1.5.0/pico-sdk/lib/tinyusb/src/portable/raspberrypi/rp2040/dcd_rp2040.c.obj
                0x100156a8                dcd_set_address
 .text.dcd_connect
                0x100156bc       0x10 CMakeFiles/oXs.dir/C_/Program_Files/Raspberry_Pi/Pico_SDK_v1.5.0/pico-sdk/lib/tinyusb/src/portable/raspberrypi/rp2040/dcd_rp2040.c.obj
                0x100156bc                dcd_connect
 .text.dcd_init
                0x100156cc       0x98 CMakeFiles/oXs.dir/C_/Program_Files/Raspberry_Pi/Pico_SDK_v1.5.0/pico-sdk/lib/tinyusb/src/portable/raspberrypi/rp2040/dcd_rp2040.c.obj
                0x100156cc                dcd_init
 .text.dcd_edpt0_status_complete
                0x10015764       0x1c CMakeFiles/oXs.dir/C_/Program_Files/Raspberry_Pi/Pico_SDK_v1.5.0/pico-sdk/lib/tinyusb/src/portable/raspberrypi/rp2040/dcd_rp2040.c.obj
                0x10015764                dcd_edpt0_status_complete
 .text.dcd_edpt_open
                0x10015780      0x108 CMakeFiles/oXs.dir/C_/Program_Files/Raspberry_Pi/Pico_SDK_v1.5.0/pico-sdk/lib/tinyusb/src/portable/raspberrypi/rp2040/dcd_rp2040.c.obj
                0x10015780                dcd_edpt_open
 .text.dcd_edpt_close_all
                0x10015888        0x8 CMakeFiles/oXs.dir/C_/Program_Files/Raspberry_Pi/Pico_SDK_v1.5.0/pico-sdk/lib/tinyusb/src/portable/raspberrypi/rp2040/dcd_rp2040.c.obj
                0x10015888                dcd_edpt_close_all
 .text.dcd_edpt_xfer
                0x10015890       0x24 CMakeFiles/oXs.dir/C_/Program_Files/Raspberry_Pi/Pico_SDK_v1.5.0/pico-sdk/lib/tinyusb/src/portable/raspberrypi/rp2040/dcd_rp2040.c.obj
                0x10015890                dcd_edpt_xfer
 .text.dcd_edpt_stall
                0x100158b4       0x38 CMakeFiles/oXs.dir/C_/Program_Files/Raspberry_Pi/Pico_SDK_v1.5.0/pico-sdk/lib/tinyusb/src/portable/raspberrypi/rp2040/dcd_rp2040.c.obj
                0x100158b4                dcd_edpt_stall
 .text.dcd_edpt_clear_stall
                0x100158ec       0x30 CMakeFiles/oXs.dir/C_/Program_Files/Raspberry_Pi/Pico_SDK_v1.5.0/pico-sdk/lib/tinyusb/src/portable/raspberrypi/rp2040/dcd_rp2040.c.obj
                0x100158ec                dcd_edpt_clear_stall
 .text.rp2040_usb_init
                0x1001591c       0x4c CMakeFiles/oXs.dir/C_/Program_Files/Raspberry_Pi/Pico_SDK_v1.5.0/pico-sdk/lib/tinyusb/src/portable/raspberrypi/rp2040/rp2040_usb.c.obj
                0x1001591c                rp2040_usb_init
 .text.hw_endpoint_xfer_start
                0x10015968       0x50 CMakeFiles/oXs.dir/C_/Program_Files/Raspberry_Pi/Pico_SDK_v1.5.0/pico-sdk/lib/tinyusb/src/portable/raspberrypi/rp2040/rp2040_usb.c.obj
                0x10015968                hw_endpoint_xfer_start
 .text.tud_mounted
                0x100159b8       0x10 CMakeFiles/oXs.dir/C_/Program_Files/Raspberry_Pi/Pico_SDK_v1.5.0/pico-sdk/lib/tinyusb/src/device/usbd.c.obj
                0x100159b8                tud_mounted
 .text.tud_suspended
                0x100159c8       0x10 CMakeFiles/oXs.dir/C_/Program_Files/Raspberry_Pi/Pico_SDK_v1.5.0/pico-sdk/lib/tinyusb/src/device/usbd.c.obj
                0x100159c8                tud_suspended
 .text.tud_inited
                0x100159d8       0x14 CMakeFiles/oXs.dir/C_/Program_Files/Raspberry_Pi/Pico_SDK_v1.5.0/pico-sdk/lib/tinyusb/src/device/usbd.c.obj
                0x100159d8                tud_inited
 .text.tud_init
                0x100159ec       0xe4 CMakeFiles/oXs.dir/C_/Program_Files/Raspberry_Pi/Pico_SDK_v1.5.0/pico-sdk/lib/tinyusb/src/device/usbd.c.obj
                0x100159ec                tud_init
 .text.tud_task_ext
                0x10015ad0      0x854 CMakeFiles/oXs.dir/C_/Program_Files/Raspberry_Pi/Pico_SDK_v1.5.0/pico-sdk/lib/tinyusb/src/device/usbd.c.obj
                0x10015ad0                tud_task_ext
 .text.usbd_open_edpt_pair